Archive member included to satisfy reference by file (symbol)

C:\Users\matth\STM32CubeIDE\test_workspace\DTM_Decoder_Project\Drivers\CMSIS\Lib\GCC\libarm_cortexM4lf_math.a(arm_rfft_fast_init_f32.o)
                              ./Core/Src/main.o (arm_rfft_fast_init_f32)
C:\Users\matth\STM32CubeIDE\test_workspace\DTM_Decoder_Project\Drivers\CMSIS\Lib\GCC\libarm_cortexM4lf_math.a(arm_rfft_fast_f32.o)
                              ./Core/Src/main.o (arm_rfft_fast_f32)
C:\Users\matth\STM32CubeIDE\test_workspace\DTM_Decoder_Project\Drivers\CMSIS\Lib\GCC\libarm_cortexM4lf_math.a(arm_cfft_f32.o)
                              C:\Users\matth\STM32CubeIDE\test_workspace\DTM_Decoder_Project\Drivers\CMSIS\Lib\GCC\libarm_cortexM4lf_math.a(arm_rfft_fast_f32.o) (arm_cfft_f32)
C:\Users\matth\STM32CubeIDE\test_workspace\DTM_Decoder_Project\Drivers\CMSIS\Lib\GCC\libarm_cortexM4lf_math.a(arm_bitreversal2.o)
                              C:\Users\matth\STM32CubeIDE\test_workspace\DTM_Decoder_Project\Drivers\CMSIS\Lib\GCC\libarm_cortexM4lf_math.a(arm_cfft_f32.o) (arm_bitreversal_32)
C:\Users\matth\STM32CubeIDE\test_workspace\DTM_Decoder_Project\Drivers\CMSIS\Lib\GCC\libarm_cortexM4lf_math.a(arm_fir_init_f32.o)
                              ./Core/Src/main.o (arm_fir_init_f32)
C:\Users\matth\STM32CubeIDE\test_workspace\DTM_Decoder_Project\Drivers\CMSIS\Lib\GCC\libarm_cortexM4lf_math.a(arm_cmplx_mag_f32.o)
                              ./Core/Src/main.o (arm_cmplx_mag_f32)
C:\Users\matth\STM32CubeIDE\test_workspace\DTM_Decoder_Project\Drivers\CMSIS\Lib\GCC\libarm_cortexM4lf_math.a(arm_common_tables.o)
                              C:\Users\matth\STM32CubeIDE\test_workspace\DTM_Decoder_Project\Drivers\CMSIS\Lib\GCC\libarm_cortexM4lf_math.a(arm_rfft_fast_init_f32.o) (twiddleCoef_rfft_4096)
C:\Users\matth\STM32CubeIDE\test_workspace\DTM_Decoder_Project\Drivers\CMSIS\Lib\GCC\libarm_cortexM4lf_math.a(arm_cfft_radix8_f32.o)
                              C:\Users\matth\STM32CubeIDE\test_workspace\DTM_Decoder_Project\Drivers\CMSIS\Lib\GCC\libarm_cortexM4lf_math.a(arm_cfft_f32.o) (arm_radix8_butterfly_f32)
C:/ST/STM32CubeIDE_1.16.0/STM32CubeIDE/plugins/com.st.stm32cube.ide.mcu.externaltools.gnu-tools-for-stm32.12.3.rel1.win32_1.0.200.202406191623/tools/bin/../lib/gcc/arm-none-eabi/12.3.1/../../../../arm-none-eabi/lib/thumb/v7e-m+fp/hard\libc_nano.a(libc_a-exit.o)
                              C:/ST/STM32CubeIDE_1.16.0/STM32CubeIDE/plugins/com.st.stm32cube.ide.mcu.externaltools.gnu-tools-for-stm32.12.3.rel1.win32_1.0.200.202406191623/tools/bin/../lib/gcc/arm-none-eabi/12.3.1/../../../../arm-none-eabi/lib/thumb/v7e-m+fp/hard/crt0.o (exit)
C:/ST/STM32CubeIDE_1.16.0/STM32CubeIDE/plugins/com.st.stm32cube.ide.mcu.externaltools.gnu-tools-for-stm32.12.3.rel1.win32_1.0.200.202406191623/tools/bin/../lib/gcc/arm-none-eabi/12.3.1/../../../../arm-none-eabi/lib/thumb/v7e-m+fp/hard\libc_nano.a(libc_a-findfp.o)
                              C:/ST/STM32CubeIDE_1.16.0/STM32CubeIDE/plugins/com.st.stm32cube.ide.mcu.externaltools.gnu-tools-for-stm32.12.3.rel1.win32_1.0.200.202406191623/tools/bin/../lib/gcc/arm-none-eabi/12.3.1/../../../../arm-none-eabi/lib/thumb/v7e-m+fp/hard\libc_nano.a(libc_a-exit.o) (__stdio_exit_handler)
C:/ST/STM32CubeIDE_1.16.0/STM32CubeIDE/plugins/com.st.stm32cube.ide.mcu.externaltools.gnu-tools-for-stm32.12.3.rel1.win32_1.0.200.202406191623/tools/bin/../lib/gcc/arm-none-eabi/12.3.1/../../../../arm-none-eabi/lib/thumb/v7e-m+fp/hard\libc_nano.a(libc_a-fwalk.o)
                              C:/ST/STM32CubeIDE_1.16.0/STM32CubeIDE/plugins/com.st.stm32cube.ide.mcu.externaltools.gnu-tools-for-stm32.12.3.rel1.win32_1.0.200.202406191623/tools/bin/../lib/gcc/arm-none-eabi/12.3.1/../../../../arm-none-eabi/lib/thumb/v7e-m+fp/hard\libc_nano.a(libc_a-findfp.o) (_fwalk_sglue)
C:/ST/STM32CubeIDE_1.16.0/STM32CubeIDE/plugins/com.st.stm32cube.ide.mcu.externaltools.gnu-tools-for-stm32.12.3.rel1.win32_1.0.200.202406191623/tools/bin/../lib/gcc/arm-none-eabi/12.3.1/../../../../arm-none-eabi/lib/thumb/v7e-m+fp/hard\libc_nano.a(libc_a-stdio.o)
                              C:/ST/STM32CubeIDE_1.16.0/STM32CubeIDE/plugins/com.st.stm32cube.ide.mcu.externaltools.gnu-tools-for-stm32.12.3.rel1.win32_1.0.200.202406191623/tools/bin/../lib/gcc/arm-none-eabi/12.3.1/../../../../arm-none-eabi/lib/thumb/v7e-m+fp/hard\libc_nano.a(libc_a-findfp.o) (__sread)
C:/ST/STM32CubeIDE_1.16.0/STM32CubeIDE/plugins/com.st.stm32cube.ide.mcu.externaltools.gnu-tools-for-stm32.12.3.rel1.win32_1.0.200.202406191623/tools/bin/../lib/gcc/arm-none-eabi/12.3.1/../../../../arm-none-eabi/lib/thumb/v7e-m+fp/hard\libc_nano.a(libc_a-vsnprintf.o)
                              ./Core/Src/main.o (vsnprintf)
C:/ST/STM32CubeIDE_1.16.0/STM32CubeIDE/plugins/com.st.stm32cube.ide.mcu.externaltools.gnu-tools-for-stm32.12.3.rel1.win32_1.0.200.202406191623/tools/bin/../lib/gcc/arm-none-eabi/12.3.1/../../../../arm-none-eabi/lib/thumb/v7e-m+fp/hard\libc_nano.a(libc_a-memset.o)
[...]
Memory Configuration

Name             Origin             Length             Attributes
RAM              0x20000000         0x00018000         xrw
RAM2             0x10000000         0x00008000         xrw
FLASH            0x08000000         0x00100000         xr
*default*        0x00000000         0xffffffff

Linker script and memory map

LOAD C:/ST/STM32CubeIDE_1.16.0/STM32CubeIDE/plugins/com.st.stm32cube.ide.mcu.externaltools.gnu-tools-for-stm32.12.3.rel1.win32_1.0.200.202406191623/tools/bin/../lib/gcc/arm-none-eabi/12.3.1/thumb/v7e-m+fp/hard/crti.o
LOAD C:/ST/STM32CubeIDE_1.16.0/STM32CubeIDE/plugins/com.st.stm32cube.ide.mcu.externaltools.gnu-tools-for-stm32.12.3.rel1.win32_1.0.200.202406191623/tools/bin/../lib/gcc/arm-none-eabi/12.3.1/thumb/v7e-m+fp/hard/crtbegin.o
LOAD C:/ST/STM32CubeIDE_1.16.0/STM32CubeIDE/plugins/com.st.stm32cube.ide.mcu.externaltools.gnu-tools-for-stm32.12.3.rel1.win32_1.0.200.202406191623/tools/bin/../lib/gcc/arm-none-eabi/12.3.1/../../../../arm-none-eabi/lib/thumb/v7e-m+fp/hard/crt0.o
LOAD ./Core/Src/main.o
LOAD ./Core/Src/stm32l4xx_hal_msp.o
LOAD ./Core/Src/stm32l4xx_it.o
LOAD ./Core/Src/syscalls.o
LOAD ./Core/Src/sysmem.o
LOAD ./Core/Src/system_stm32l4xx.o
LOAD ./Core/Startup/startup_stm32l476rgtx.o
LOAD ./Drivers/STM32L4xx_HAL_Driver/Src/stm32l4xx_hal.o
LOAD ./Drivers/STM32L4xx_HAL_Driver/Src/stm32l4xx_hal_adc.o
LOAD ./Drivers/STM32L4xx_HAL_Driver/Src/stm32l4xx_hal_adc_ex.o
LOAD ./Drivers/STM32L4xx_HAL_Driver/Src/stm32l4xx_hal_cortex.o
LOAD ./Drivers/STM32L4xx_HAL_Driver/Src/stm32l4xx_hal_dac.o
LOAD ./Drivers/STM32L4xx_HAL_Driver/Src/stm32l4xx_hal_dac_ex.o
LOAD ./Drivers/STM32L4xx_HAL_Driver/Src/stm32l4xx_hal_dma.o
LOAD ./Drivers/STM32L4xx_HAL_Driver/Src/stm32l4xx_hal_dma_ex.o
LOAD ./Drivers/STM32L4xx_HAL_Driver/Src/stm32l4xx_hal_exti.o
LOAD ./Drivers/STM32L4xx_HAL_Driver/Src/stm32l4xx_hal_flash.o
LOAD ./Drivers/STM32L4xx_HAL_Driver/Src/stm32l4xx_hal_flash_ex.o
LOAD ./Drivers/STM32L4xx_HAL_Driver/Src/stm32l4xx_hal_flash_ramfunc.o
LOAD ./Drivers/STM32L4xx_HAL_Driver/Src/stm32l4xx_hal_gpio.o
LOAD ./Drivers/STM32L4xx_HAL_Driver/Src/stm32l4xx_hal_i2c.o
LOAD ./Drivers/STM32L4xx_HAL_Driver/Src/stm32l4xx_hal_i2c_ex.o
LOAD ./Drivers/STM32L4xx_HAL_Driver/Src/stm32l4xx_hal_pwr.o
LOAD ./Drivers/STM32L4xx_HAL_Driver/Src/stm32l4xx_hal_pwr_ex.o
LOAD ./Drivers/STM32L4xx_HAL_Driver/Src/stm32l4xx_hal_rcc.o
LOAD ./Drivers/STM32L4xx_HAL_Driver/Src/stm32l4xx_hal_rcc_ex.o
LOAD ./Drivers/STM32L4xx_HAL_Driver/Src/stm32l4xx_hal_spi.o
LOAD ./Drivers/STM32L4xx_HAL_Driver/Src/stm32l4xx_hal_spi_ex.o
LOAD ./Drivers/STM32L4xx_HAL_Driver/Src/stm32l4xx_hal_tim.o
LOAD ./Drivers/STM32L4xx_HAL_Driver/Src/stm32l4xx_hal_tim_ex.o
LOAD ./Drivers/STM32L4xx_HAL_Driver/Src/stm32l4xx_hal_uart.o
LOAD ./Drivers/STM32L4xx_HAL_Driver/Src/stm32l4xx_hal_uart_ex.o
LOAD ./FATFS/App/fatfs.o
LOAD ./FATFS/Target/user_diskio.o
LOAD ./FATFS/Target/user_diskio_spi.o
LOAD ./Middlewares/Third_Party/FatFs/src/diskio.o
LOAD ./Middlewares/Third_Party/FatFs/src/ff.o
LOAD ./Middlewares/Third_Party/FatFs/src/ff_gen_drv.o
LOAD ./Middlewares/Third_Party/FatFs/src/option/syscall.o
LOAD C:\Users\matth\STM32CubeIDE\test_workspace\DTM_Decoder_Project\Drivers\CMSIS\Lib\GCC\libarm_cortexM4lf_math.a
START GROUP
LOAD C:/ST/STM32CubeIDE_1.16.0/STM32CubeIDE/plugins/com.st.stm32cube.ide.mcu.externaltools.gnu-tools-for-stm32.12.3.rel1.win32_1.0.200.202406191623/tools/bin/../lib/gcc/arm-none-eabi/12.3.1/../../../../arm-none-eabi/lib/thumb/v7e-m+fp/hard\libc_nano.a
LOAD C:/ST/STM32CubeIDE_1.16.0/STM32CubeIDE/plugins/com.st.stm32cube.ide.mcu.externaltools.gnu-tools-for-stm32.12.3.rel1.win32_1.0.200.202406191623/tools/bin/../lib/gcc/arm-none-eabi/12.3.1/../../../../arm-none-eabi/lib/thumb/v7e-m+fp/hard\libm.a
END GROUP
START GROUP
LOAD C:/ST/STM32CubeIDE_1.16.0/STM32CubeIDE/plugins/com.st.stm32cube.ide.mcu.externaltools.gnu-tools-for-stm32.12.3.rel1.win32_1.0.200.202406191623/tools/bin/../lib/gcc/arm-none-eabi/12.3.1/thumb/v7e-m+fp/hard\libgcc.a
LOAD C:/ST/STM32CubeIDE_1.16.0/STM32CubeIDE/plugins/com.st.stm32cube.ide.mcu.externaltools.gnu-tools-for-stm32.12.3.rel1.win32_1.0.200.202406191623/tools/bin/../lib/gcc/arm-none-eabi/12.3.1/../../../../arm-none-eabi/lib/thumb/v7e-m+fp/hard\libc_nano.a
END GROUP
START GROUP
LOAD C:/ST/STM32CubeIDE_1.16.0/STM32CubeIDE/plugins/com.st.stm32cube.ide.mcu.externaltools.gnu-tools-for-stm32.12.3.rel1.win32_1.0.200.202406191623/tools/bin/../lib/gcc/arm-none-eabi/12.3.1/thumb/v7e-m+fp/hard\libgcc.a
LOAD C:/ST/STM32CubeIDE_1.16.0/STM32CubeIDE/plugins/com.st.stm32cube.ide.mcu.externaltools.gnu-tools-for-stm32.12.3.rel1.win32_1.0.200.202406191623/tools/bin/../lib/gcc/arm-none-eabi/12.3.1/../../../../arm-none-eabi/lib/thumb/v7e-m+fp/hard\libc_nano.a
LOAD C:/ST/STM32CubeIDE_1.16.0/STM32CubeIDE/plugins/com.st.stm32cube.ide.mcu.externaltools.gnu-tools-for-stm32.12.3.rel1.win32_1.0.200.202406191623/tools/bin/../lib/gcc/arm-none-eabi/12.3.1/../../../../arm-none-eabi/lib/thumb/v7e-m+fp/hard\libnosys.a
END GROUP
START GROUP
LOAD C:/ST/STM32CubeIDE_1.16.0/STM32CubeIDE/plugins/com.st.stm32cube.ide.mcu.externaltools.gnu-tools-for-stm32.12.3.rel1.win32_1.0.200.202406191623/tools/bin/../lib/gcc/arm-none-eabi/12.3.1/thumb/v7e-m+fp/hard\libgcc.a
LOAD C:/ST/STM32CubeIDE_1.16.0/STM32CubeIDE/plugins/com.st.stm32cube.ide.mcu.externaltools.gnu-tools-for-stm32.12.3.rel1.win32_1.0.200.202406191623/tools/bin/../lib/gcc/arm-none-eabi/12.3.1/../../../../arm-none-eabi/lib/thumb/v7e-m+fp/hard\libc_nano.a
LOAD C:/ST/STM32CubeIDE_1.16.0/STM32CubeIDE/plugins/com.st.stm32cube.ide.mcu.externaltools.gnu-tools-for-stm32.12.3.rel1.win32_1.0.200.202406191623/tools/bin/../lib/gcc/arm-none-eabi/12.3.1/../../../../arm-none-eabi/lib/thumb/v7e-m+fp/hard\libnosys.a
END GROUP
LOAD C:/ST/STM32CubeIDE_1.16.0/STM32CubeIDE/plugins/com.st.stm32cube.ide.mcu.externaltools.gnu-tools-for-stm32.12.3.rel1.win32_1.0.200.202406191623/tools/bin/../lib/gcc/arm-none-eabi/12.3.1/thumb/v7e-m+fp/hard/crtend.o
LOAD C:/ST/STM32CubeIDE_1.16.0/STM32CubeIDE/plugins/com.st.stm32cube.ide.mcu.externaltools.gnu-tools-for-stm32.12.3.rel1.win32_1.0.200.202406191623/tools/bin/../lib/gcc/arm-none-eabi/12.3.1/thumb/v7e-m+fp/hard/crtn.o
                0x20018000                        _estack = (ORIGIN (RAM) + LENGTH (RAM))
                0x00000200                        _Min_Heap_Size = 0x200
                0x00000400                        _Min_Stack_Size = 0x400

.isr_vector     0x08000000      0x188
                0x08000000                        . = ALIGN (0x4)
 *(.isr_vector)
 .isr_vector    0x08000000      0x188 ./Core/Startup/startup_stm32l476rgtx.o
                0x08000000                g_pfnVectors
                0x08000188                        . = ALIGN (0x4)

.text           0x08000190     0xc008
                0x08000190                        . = ALIGN (0x4)
 *(.text)
 .text          0x08000190       0x40 C:/ST/STM32CubeIDE_1.16.0/STM32CubeIDE/plugins/com.st.stm32cube.ide.mcu.externaltools.gnu-tools-for-stm32.12.3.rel1.win32_1.0.200.202406191623/tools/bin/../lib/gcc/arm-none-eabi/12.3.1/thumb/v7e-m+fp/hard/crtbegin.o
 .text          0x080001d0       0x10 C:/ST/STM32CubeIDE_1.16.0/STM32CubeIDE/plugins/com.st.stm32cube.ide.mcu.externaltools.gnu-tools-for-stm32.12.3.rel1.win32_1.0.200.202406191623/tools/bin/../lib/gcc/arm-none-eabi/12.3.1/../../../../arm-none-eabi/lib/thumb/v7e-m+fp/hard\libc_nano.a(libc_a-strlen.o)
                0x080001d0                strlen
 .text          0x080001e0       0xa0 C:/ST/STM32CubeIDE_1.16.0/STM32CubeIDE/plugins/com.st.stm32cube.ide.mcu.externaltools.gnu-tools-for-stm32.12.3.rel1.win32_1.0.200.202406191623/tools/bin/../lib/gcc/arm-none-eabi/12.3.1/../../../../arm-none-eabi/lib/thumb/v7e-m+fp/hard\libc_nano.a(libc_a-memchr.o)
                0x080001e0                memchr
 .text          0x08000280      0x378 C:/ST/STM32CubeIDE_1.16.0/STM32CubeIDE/plugins/com.st.stm32cube.ide.mcu.externaltools.gnu-tools-for-stm32.12.3.rel1.win32_1.0.200.202406191623/tools/bin/../lib/gcc/arm-none-eabi/12.3.1/thumb/v7e-m+fp/hard\libgcc.a(_arm_addsubdf3.o)
                0x08000280                __aeabi_drsub
                0x08000288                __aeabi_dsub
                0x08000288                __subdf3
                0x0800028c                __aeabi_dadd
                0x0800028c                __adddf3
                0x08000504                __floatunsidf
                0x08000504                __aeabi_ui2d
                0x08000524                __floatsidf
                0x08000524                __aeabi_i2d
                0x08000548                __aeabi_f2d
                0x08000548                __extendsfdf2
                0x0800058c                __floatundidf
                0x0800058c                __aeabi_ul2d
                0x0800059c                __floatdidf
                0x0800059c                __aeabi_l2d
 .text          0x080005f8       0x50 C:/ST/STM32CubeIDE_1.16.0/STM32CubeIDE/plugins/com.st.stm32cube.ide.mcu.externaltools.gnu-tools-for-stm32.12.3.rel1.win32_1.0.200.202406191623/tools/bin/../lib/gcc/arm-none-eabi/12.3.1/thumb/v7e-m+fp/hard\libgcc.a(_arm_fixdfsi.o)
                0x080005f8                __aeabi_d2iz
                0x080005f8                __fixdfsi
 .text          0x08000648       0x30 C:/ST/STM32CubeIDE_1.16.0/STM32CubeIDE/plugins/com.st.stm32cube.ide.mcu.externaltools.gnu-tools-for-stm32.12.3.rel1.win32_1.0.200.202406191623/tools/bin/../lib/gcc/arm-none-eabi/12.3.1/thumb/v7e-m+fp/hard\libgcc.a(_aeabi_uldivmod.o)
                0x08000648                __aeabi_uldivmod
 .text          0x08000678      0x2bc C:/ST/STM32CubeIDE_1.16.0/STM32CubeIDE/plugins/com.st.stm32cube.ide.mcu.externaltools.gnu-tools-for-stm32.12.3.rel1.win32_1.0.200.202406191623/tools/bin/../lib/gcc/arm-none-eabi/12.3.1/thumb/v7e-m+fp/hard\libgcc.a(_udivmoddi4.o)
                0x08000678                __udivmoddi4
 .text          0x08000934        0x4 C:/ST/STM32CubeIDE_1.16.0/STM32CubeIDE/plugins/com.st.stm32cube.ide.mcu.externaltools.gnu-tools-for-stm32.12.3.rel1.win32_1.0.200.202406191623/tools/bin/../lib/gcc/arm-none-eabi/12.3.1/thumb/v7e-m+fp/hard\libgcc.a(_dvmd_tls.o)
                0x08000934                __aeabi_idiv0
                0x08000934                __aeabi_ldiv0
 *(.text*)
 .text.init_player
                0x08000938      0x120 ./Core/Src/main.o
                0x08000938                init_player
 .text.__play_output_stream_t16
                0x08000a58       0xf8 ./Core/Src/main.o
                0x08000a58                __play_output_stream_t16
 .text.start_player_t16
                0x08000b50       0x8c ./Core/Src/main.o
                0x08000b50                start_player_t16
 .text.player_error_handler
                0x08000bdc       0x58 ./Core/Src/main.o
                0x08000bdc                player_error_handler
 .text.myprintf
                0x08000c34       0x4c ./Core/Src/main.o
                0x08000c34                myprintf
 .text.Process_Signal
                0x08000c80       0x9c ./Core/Src/main.o
                0x08000c80                Process_Signal
 .text.Get_DTMF_Code
                0x08000d1c      0x344 ./Core/Src/main.o
                0x08000d1c                Get_DTMF_Code
 .text.Evaluate_Code_Sequence
                0x08001060       0x6e ./Core/Src/main.o
                0x08001060                Evaluate_Code_Sequence
 *fill*         0x080010ce        0x2 
 .text.Led_Audio_Control
                0x080010d0       0xb8 ./Core/Src/main.o
                0x080010d0                Led_Audio_Control
 .text.main     0x08001188       0xcc ./Core/Src/main.o
                0x08001188                main
 .text.SystemClock_Config
                0x08001254       0xa2 ./Core/Src/main.o
                0x08001254                SystemClock_Config
 *fill*         0x080012f6        0x2 
 .text.MX_ADC1_Init
                0x080012f8       0xf0 ./Core/Src/main.o
 .text.MX_DAC1_Init
                0x080013e8       0x64 ./Core/Src/main.o
 .text.MX_SPI2_Init
                0x0800144c       0x7c ./Core/Src/main.o
 .text.MX_TIM6_Init
                0x080014c8       0x6c ./Core/Src/main.o
 .text.MX_USART2_UART_Init
                0x08001534       0x60 ./Core/Src/main.o
 .text.MX_DMA_Init
                0x08001594       0x4c ./Core/Src/main.o
 .text.MX_GPIO_Init
                0x080015e0      0x104 ./Core/Src/main.o
 .text.HAL_GPIO_EXTI_Callback
                0x080016e4       0x28 ./Core/Src/main.o
                0x080016e4                HAL_GPIO_EXTI_Callback
 .text.HAL_ADC_ConvHalfCpltCallback
                0x0800170c       0x50 ./Core/Src/main.o
                0x0800170c                HAL_ADC_ConvHalfCpltCallback
 .text.HAL_ADC_ConvCpltCallback
                0x0800175c       0x60 ./Core/Src/main.o
                0x0800175c                HAL_ADC_ConvCpltCallback
 .text.HAL_DAC_ConvHalfCpltCallbackCh1
                0x080017bc       0x14 ./Core/Src/main.o
                0x080017bc                HAL_DAC_ConvHalfCpltCallbackCh1
 .text.HAL_DAC_ConvCpltCallbackCh1
                0x080017d0       0x58 ./Core/Src/main.o
                0x080017d0                HAL_DAC_ConvCpltCallbackCh1
 .text.Error_Handler
                0x08001828        0xc ./Core/Src/main.o
                0x08001828                Error_Handler
 .text.HAL_MspInit
                0x08001834       0x48 ./Core/Src/stm32l4xx_hal_msp.o
                0x08001834                HAL_MspInit
 .text.HAL_ADC_MspInit
                0x0800187c      0x130 ./Core/Src/stm32l4xx_hal_msp.o
                0x0800187c                HAL_ADC_MspInit
 .text.HAL_DAC_MspInit
                0x080019ac       0xdc ./Core/Src/stm32l4xx_hal_msp.o
                0x080019ac                HAL_DAC_MspInit
 .text.HAL_SPI_MspInit
                0x08001a88       0xc4 ./Core/Src/stm32l4xx_hal_msp.o
                0x08001a88                HAL_SPI_MspInit
 .text.HAL_TIM_Base_MspInit
                0x08001b4c       0x40 ./Core/Src/stm32l4xx_hal_msp.o
                0x08001b4c                HAL_TIM_Base_MspInit
 .text.HAL_UART_MspInit
                0x08001b8c       0xb8 ./Core/Src/stm32l4xx_hal_msp.o
                0x08001b8c                HAL_UART_MspInit
 .text.NMI_Handler
                0x08001c44        0x8 ./Core/Src/stm32l4xx_it.o
                0x08001c44                NMI_Handler
 .text.HardFault_Handler
                0x08001c4c        0x8 ./Core/Src/stm32l4xx_it.o
                0x08001c4c                HardFault_Handler
 .text.MemManage_Handler
                0x08001c54        0x8 ./Core/Src/stm32l4xx_it.o
                0x08001c54                MemManage_Handler
 .text.BusFault_Handler
                0x08001c5c        0x8 ./Core/Src/stm32l4xx_it.o
                0x08001c5c                BusFault_Handler
 .text.UsageFault_Handler
                0x08001c64        0x8 ./Core/Src/stm32l4xx_it.o
                0x08001c64                UsageFault_Handler
 .text.SVC_Handler
                0x08001c6c        0xe ./Core/Src/stm32l4xx_it.o
                0x08001c6c                SVC_Handler
 .text.DebugMon_Handler
                0x08001c7a        0xe ./Core/Src/stm32l4xx_it.o
                0x08001c7a                DebugMon_Handler
 .text.PendSV_Handler
                0x08001c88        0xe ./Core/Src/stm32l4xx_it.o
                0x08001c88                PendSV_Handler
 .text.SysTick_Handler
                0x08001c96        0xc ./Core/Src/stm32l4xx_it.o
                0x08001c96                SysTick_Handler
 *fill*         0x08001ca2        0x2 
 .text.DMA1_Channel1_IRQHandler
                0x08001ca4       0x14 ./Core/Src/stm32l4xx_it.o
                0x08001ca4                DMA1_Channel1_IRQHandler
 .text.DMA1_Channel3_IRQHandler
                0x08001cb8       0x14 ./Core/Src/stm32l4xx_it.o
                0x08001cb8                DMA1_Channel3_IRQHandler
 .text.EXTI15_10_IRQHandler
                0x08001ccc       0x10 ./Core/Src/stm32l4xx_it.o
                0x08001ccc                EXTI15_10_IRQHandler
 .text._sbrk    0x08001cdc       0x6c ./Core/Src/sysmem.o
                0x08001cdc                _sbrk
 .text.SystemInit
                0x08001d48       0x24 ./Core/Src/system_stm32l4xx.o
                0x08001d48                SystemInit
 .text.Reset_Handler
                0x08001d6c       0x50 ./Core/Startup/startup_stm32l476rgtx.o
                0x08001d6c                Reset_Handler
 .text.Default_Handler
                0x08001dbc        0x2 ./Core/Startup/startup_stm32l476rgtx.o
                0x08001dbc                RTC_Alarm_IRQHandler
                0x08001dbc                EXTI2_IRQHandler
                0x08001dbc                TIM8_TRG_COM_IRQHandler
                0x08001dbc                TIM8_CC_IRQHandler
                0x08001dbc                TIM1_CC_IRQHandler
                0x08001dbc                TSC_IRQHandler
                0x08001dbc                TAMP_STAMP_IRQHandler
                0x08001dbc                EXTI3_IRQHandler
                0x08001dbc                LPTIM2_IRQHandler
                0x08001dbc                DFSDM1_FLT1_IRQHandler
                0x08001dbc                I2C3_ER_IRQHandler
                0x08001dbc                DFSDM1_FLT2_IRQHandler
                0x08001dbc                EXTI0_IRQHandler
                0x08001dbc                I2C2_EV_IRQHandler
                0x08001dbc                CAN1_RX0_IRQHandler
                0x08001dbc                FPU_IRQHandler
                0x08001dbc                TIM1_UP_TIM16_IRQHandler
                0x08001dbc                ADC1_2_IRQHandler
                0x08001dbc                SPI1_IRQHandler
                0x08001dbc                TIM6_DAC_IRQHandler
                0x08001dbc                TIM8_UP_IRQHandler
                0x08001dbc                DMA2_Channel2_IRQHandler
                0x08001dbc                DMA1_Channel4_IRQHandler
                0x08001dbc                SAI2_IRQHandler
                0x08001dbc                DFSDM1_FLT3_IRQHandler
                0x08001dbc                USART3_IRQHandler
                0x08001dbc                DMA1_Channel7_IRQHandler
                0x08001dbc                CAN1_RX1_IRQHandler
                0x08001dbc                LCD_IRQHandler
                0x08001dbc                UART5_IRQHandler
                0x08001dbc                ADC3_IRQHandler
                0x08001dbc                TIM4_IRQHandler
                0x08001dbc                DMA2_Channel1_IRQHandler
                0x08001dbc                QUADSPI_IRQHandler
                0x08001dbc                I2C1_EV_IRQHandler
                0x08001dbc                DMA1_Channel6_IRQHandler
                0x08001dbc                UART4_IRQHandler
                0x08001dbc                DMA2_Channel4_IRQHandler
                0x08001dbc                TIM3_IRQHandler
                0x08001dbc                RCC_IRQHandler
                0x08001dbc                Default_Handler
                0x08001dbc                DMA2_Channel7_IRQHandler
                0x08001dbc                TIM7_IRQHandler
                0x08001dbc                SDMMC1_IRQHandler
                0x08001dbc                TIM5_IRQHandler
                0x08001dbc                I2C3_EV_IRQHandler
                0x08001dbc                EXTI9_5_IRQHandler
                0x08001dbc                RTC_WKUP_IRQHandler
                0x08001dbc                PVD_PVM_IRQHandler
                0x08001dbc                SPI2_IRQHandler
                0x08001dbc                CAN1_TX_IRQHandler
                0x08001dbc                DMA2_Channel5_IRQHandler
                0x08001dbc                DMA1_Channel5_IRQHandler
                0x08001dbc                EXTI4_IRQHandler
                0x08001dbc                RNG_IRQHandler
                0x08001dbc                TIM1_TRG_COM_TIM17_IRQHandler
                0x08001dbc                COMP_IRQHandler
                0x08001dbc                WWDG_IRQHandler
                0x08001dbc                LPUART1_IRQHandler
                0x08001dbc                DMA2_Channel6_IRQHandler
                0x08001dbc                TIM2_IRQHandler
                0x08001dbc                EXTI1_IRQHandler
                0x08001dbc                USART2_IRQHandler
                0x08001dbc                DFSDM1_FLT0_IRQHandler
                0x08001dbc                I2C2_ER_IRQHandler
                0x08001dbc                DMA1_Channel2_IRQHandler
                0x08001dbc                TIM8_BRK_IRQHandler
                0x08001dbc                CAN1_SCE_IRQHandler
                0x08001dbc                FLASH_IRQHandler
                0x08001dbc                USART1_IRQHandler
                0x08001dbc                OTG_FS_IRQHandler
                0x08001dbc                SPI3_IRQHandler
                0x08001dbc                I2C1_ER_IRQHandler
                0x08001dbc                FMC_IRQHandler
                0x08001dbc                SWPMI1_IRQHandler
                0x08001dbc                LPTIM1_IRQHandler
                0x08001dbc                SAI1_IRQHandler
                0x08001dbc                DMA2_Channel3_IRQHandler
                0x08001dbc                TIM1_BRK_TIM15_IRQHandler
 *fill*         0x08001dbe        0x2 
 .text.HAL_Init
                0x08001dc0       0x40 ./Drivers/STM32L4xx_HAL_Driver/Src/stm32l4xx_hal.o
                0x08001dc0                HAL_Init
 .text.HAL_InitTick
                0x08001e00       0x78 ./Drivers/STM32L4xx_HAL_Driver/Src/stm32l4xx_hal.o
                0x08001e00                HAL_InitTick
 .text.HAL_IncTick
                0x08001e78       0x28 ./Drivers/STM32L4xx_HAL_Driver/Src/stm32l4xx_hal.o
                0x08001e78                HAL_IncTick
 .text.HAL_GetTick
                0x08001ea0       0x18 ./Drivers/STM32L4xx_HAL_Driver/Src/stm32l4xx_hal.o
                0x08001ea0                HAL_GetTick
 .text.HAL_Delay
                0x08001eb8       0x48 ./Drivers/STM32L4xx_HAL_Driver/Src/stm32l4xx_hal.o
                0x08001eb8                HAL_Delay
 .text.LL_ADC_SetCommonClock
                0x08001f00       0x26 ./Drivers/STM32L4xx_HAL_Driver/Src/stm32l4xx_hal_adc.o
 .text.LL_ADC_SetCommonPathInternalCh
                0x08001f26       0x26 ./Drivers/STM32L4xx_HAL_Driver/Src/stm32l4xx_hal_adc.o
 .text.LL_ADC_GetCommonPathInternalCh
                0x08001f4c       0x1c ./Drivers/STM32L4xx_HAL_Driver/Src/stm32l4xx_hal_adc.o
 .text.LL_ADC_SetOffset
                0x08001f68       0x48 ./Drivers/STM32L4xx_HAL_Driver/Src/stm32l4xx_hal_adc.o
 .text.LL_ADC_GetOffsetChannel
                0x08001fb0       0x2c ./Drivers/STM32L4xx_HAL_Driver/Src/stm32l4xx_hal_adc.o
 .text.LL_ADC_SetOffsetState
                0x08001fdc       0x36 ./Drivers/STM32L4xx_HAL_Driver/Src/stm32l4xx_hal_adc.o
 .text.LL_ADC_REG_IsTriggerSourceSWStart
                0x08002012       0x26 ./Drivers/STM32L4xx_HAL_Driver/Src/stm32l4xx_hal_adc.o
 .text.LL_ADC_REG_SetSequencerRanks
                0x08002038       0x58 ./Drivers/STM32L4xx_HAL_Driver/Src/stm32l4xx_hal_adc.o
 .text.LL_ADC_SetChannelSamplingTime
                0x08002090       0x56 ./Drivers/STM32L4xx_HAL_Driver/Src/stm32l4xx_hal_adc.o
 *fill*         0x080020e6        0x2 
 .text.LL_ADC_SetChannelSingleDiff
                0x080020e8       0x48 ./Drivers/STM32L4xx_HAL_Driver/Src/stm32l4xx_hal_adc.o
 .text.LL_ADC_GetMultimode
                0x08002130       0x1c ./Drivers/STM32L4xx_HAL_Driver/Src/stm32l4xx_hal_adc.o
 .text.LL_ADC_DisableDeepPowerDown
                0x0800214c       0x24 ./Drivers/STM32L4xx_HAL_Driver/Src/stm32l4xx_hal_adc.o
 .text.LL_ADC_IsDeepPowerDownEnabled
                0x08002170       0x28 ./Drivers/STM32L4xx_HAL_Driver/Src/stm32l4xx_hal_adc.o
 .text.LL_ADC_EnableInternalRegulator
                0x08002198       0x28 ./Drivers/STM32L4xx_HAL_Driver/Src/stm32l4xx_hal_adc.o
 .text.LL_ADC_IsInternalRegulatorEnabled
                0x080021c0       0x28 ./Drivers/STM32L4xx_HAL_Driver/Src/stm32l4xx_hal_adc.o
 .text.LL_ADC_Enable
                0x080021e8       0x28 ./Drivers/STM32L4xx_HAL_Driver/Src/stm32l4xx_hal_adc.o
 .text.LL_ADC_Disable
                0x08002210       0x28 ./Drivers/STM32L4xx_HAL_Driver/Src/stm32l4xx_hal_adc.o
 .text.LL_ADC_IsEnabled
                0x08002238       0x26 ./Drivers/STM32L4xx_HAL_Driver/Src/stm32l4xx_hal_adc.o
 .text.LL_ADC_IsDisableOngoing
                0x0800225e       0x26 ./Drivers/STM32L4xx_HAL_Driver/Src/stm32l4xx_hal_adc.o
 .text.LL_ADC_REG_StartConversion
                0x08002284       0x28 ./Drivers/STM32L4xx_HAL_Driver/Src/stm32l4xx_hal_adc.o
 .text.LL_ADC_REG_StopConversion
                0x080022ac       0x28 ./Drivers/STM32L4xx_HAL_Driver/Src/stm32l4xx_hal_adc.o
 .text.LL_ADC_REG_IsConversionOngoing
                0x080022d4       0x26 ./Drivers/STM32L4xx_HAL_Driver/Src/stm32l4xx_hal_adc.o
 .text.LL_ADC_INJ_StopConversion
                0x080022fa       0x28 ./Drivers/STM32L4xx_HAL_Driver/Src/stm32l4xx_hal_adc.o
 .text.LL_ADC_INJ_IsConversionOngoing
                0x08002322       0x26 ./Drivers/STM32L4xx_HAL_Driver/Src/stm32l4xx_hal_adc.o
 .text.HAL_ADC_Init
                0x08002348      0x2a0 ./Drivers/STM32L4xx_HAL_Driver/Src/stm32l4xx_hal_adc.o
                0x08002348                HAL_ADC_Init
 .text.HAL_ADC_Start_DMA
                0x080025e8      0x178 ./Drivers/STM32L4xx_HAL_Driver/Src/stm32l4xx_hal_adc.o
                0x080025e8                HAL_ADC_Start_DMA
 .text.HAL_ADC_Stop_DMA
                0x08002760       0xc2 ./Drivers/STM32L4xx_HAL_Driver/Src/stm32l4xx_hal_adc.o
                0x08002760                HAL_ADC_Stop_DMA
 .text.HAL_ADC_ErrorCallback
                0x08002822       0x14 ./Drivers/STM32L4xx_HAL_Driver/Src/stm32l4xx_hal_adc.o
                0x08002822                HAL_ADC_ErrorCallback
 *fill*         0x08002836        0x2 
 .text.HAL_ADC_ConfigChannel
                0x08002838      0x7e4 ./Drivers/STM32L4xx_HAL_Driver/Src/stm32l4xx_hal_adc.o
                0x08002838                HAL_ADC_ConfigChannel
 .text.ADC_ConversionStop
                0x0800301c      0x178 ./Drivers/STM32L4xx_HAL_Driver/Src/stm32l4xx_hal_adc.o
                0x0800301c                ADC_ConversionStop
 .text.ADC_Enable
                0x08003194      0x10c ./Drivers/STM32L4xx_HAL_Driver/Src/stm32l4xx_hal_adc.o
                0x08003194                ADC_Enable
 .text.ADC_Disable
                0x080032a0       0xbe ./Drivers/STM32L4xx_HAL_Driver/Src/stm32l4xx_hal_adc.o
                0x080032a0                ADC_Disable
 .text.ADC_DMAConvCplt
                0x0800335e       0xd8 ./Drivers/STM32L4xx_HAL_Driver/Src/stm32l4xx_hal_adc.o
                0x0800335e                ADC_DMAConvCplt
 .text.ADC_DMAHalfConvCplt
                0x08003436       0x1c ./Drivers/STM32L4xx_HAL_Driver/Src/stm32l4xx_hal_adc.o
                0x08003436                ADC_DMAHalfConvCplt
 .text.ADC_DMAError
                0x08003452       0x34 ./Drivers/STM32L4xx_HAL_Driver/Src/stm32l4xx_hal_adc.o
                0x08003452                ADC_DMAError
 .text.LL_ADC_IsEnabled
                0x08003486       0x26 ./Drivers/STM32L4xx_HAL_Driver/Src/stm32l4xx_hal_adc_ex.o
 .text.LL_ADC_REG_IsConversionOngoing
                0x080034ac       0x26 ./Drivers/STM32L4xx_HAL_Driver/Src/stm32l4xx_hal_adc_ex.o
 *fill*         0x080034d2        0x2 
 .text.HAL_ADCEx_MultiModeConfigChannel
                0x080034d4      0x160 ./Drivers/STM32L4xx_HAL_Driver/Src/stm32l4xx_hal_adc_ex.o
                0x080034d4                HAL_ADCEx_MultiModeConfigChannel
 .text.__NVIC_SetPriorityGrouping
                0x08003634       0x48 ./Drivers/STM32L4xx_HAL_Driver/Src/stm32l4xx_hal_cortex.o
 .text.__NVIC_GetPriorityGrouping
                0x0800367c       0x1c ./Drivers/STM32L4xx_HAL_Driver/Src/stm32l4xx_hal_cortex.o
 .text.__NVIC_EnableIRQ
                0x08003698       0x3c ./Drivers/STM32L4xx_HAL_Driver/Src/stm32l4xx_hal_cortex.o
 .text.__NVIC_SetPriority
                0x080036d4       0x54 ./Drivers/STM32L4xx_HAL_Driver/Src/stm32l4xx_hal_cortex.o
 .text.NVIC_EncodePriority
                0x08003728       0x66 ./Drivers/STM32L4xx_HAL_Driver/Src/stm32l4xx_hal_cortex.o
 *fill*         0x0800378e        0x2 
 .text.SysTick_Config
                0x08003790       0x44 ./Drivers/STM32L4xx_HAL_Driver/Src/stm32l4xx_hal_cortex.o
 .text.HAL_NVIC_SetPriorityGrouping
                0x080037d4       0x16 ./Drivers/STM32L4xx_HAL_Driver/Src/stm32l4xx_hal_cortex.o
                0x080037d4                HAL_NVIC_SetPriorityGrouping
 .text.HAL_NVIC_SetPriority
                0x080037ea       0x38 ./Drivers/STM32L4xx_HAL_Driver/Src/stm32l4xx_hal_cortex.o
                0x080037ea                HAL_NVIC_SetPriority
 .text.HAL_NVIC_EnableIRQ
                0x08003822       0x1c ./Drivers/STM32L4xx_HAL_Driver/Src/stm32l4xx_hal_cortex.o
                0x08003822                HAL_NVIC_EnableIRQ
 .text.HAL_SYSTICK_Config
                0x0800383e       0x18 ./Drivers/STM32L4xx_HAL_Driver/Src/stm32l4xx_hal_cortex.o
                0x0800383e                HAL_SYSTICK_Config
 .text.HAL_DAC_Init
                0x08003856       0x44 ./Drivers/STM32L4xx_HAL_Driver/Src/stm32l4xx_hal_dac.o
                0x08003856                HAL_DAC_Init
 *fill*         0x0800389a        0x2 
 .text.HAL_DAC_Start_DMA
                0x0800389c      0x198 ./Drivers/STM32L4xx_HAL_Driver/Src/stm32l4xx_hal_dac.o
                0x0800389c                HAL_DAC_Start_DMA
 .text.HAL_DAC_Stop_DMA
                0x08003a34       0x8a ./Drivers/STM32L4xx_HAL_Driver/Src/stm32l4xx_hal_dac.o
                0x08003a34                HAL_DAC_Stop_DMA
 .text.HAL_DAC_ErrorCallbackCh1
                0x08003abe       0x14 ./Drivers/STM32L4xx_HAL_Driver/Src/stm32l4xx_hal_dac.o
                0x08003abe                HAL_DAC_ErrorCallbackCh1
 .text.HAL_DAC_ConfigChannel
                0x08003ad2      0x24e ./Drivers/STM32L4xx_HAL_Driver/Src/stm32l4xx_hal_dac.o
                0x08003ad2                HAL_DAC_ConfigChannel
 .text.DAC_DMAConvCpltCh1
                0x08003d20       0x22 ./Drivers/STM32L4xx_HAL_Driver/Src/stm32l4xx_hal_dac.o
                0x08003d20                DAC_DMAConvCpltCh1
 .text.DAC_DMAHalfConvCpltCh1
                0x08003d42       0x1c ./Drivers/STM32L4xx_HAL_Driver/Src/stm32l4xx_hal_dac.o
                0x08003d42                DAC_DMAHalfConvCpltCh1
 .text.DAC_DMAErrorCh1
                0x08003d5e       0x2e ./Drivers/STM32L4xx_HAL_Driver/Src/stm32l4xx_hal_dac.o
                0x08003d5e                DAC_DMAErrorCh1
 .text.HAL_DACEx_ConvCpltCallbackCh2
                0x08003d8c       0x14 ./Drivers/STM32L4xx_HAL_Driver/Src/stm32l4xx_hal_dac_ex.o
                0x08003d8c                HAL_DACEx_ConvCpltCallbackCh2
 .text.HAL_DACEx_ConvHalfCpltCallbackCh2
                0x08003da0       0x14 ./Drivers/STM32L4xx_HAL_Driver/Src/stm32l4xx_hal_dac_ex.o
                0x08003da0                HAL_DACEx_ConvHalfCpltCallbackCh2
 .text.HAL_DACEx_ErrorCallbackCh2
                0x08003db4       0x14 ./Drivers/STM32L4xx_HAL_Driver/Src/stm32l4xx_hal_dac_ex.o
                0x08003db4                HAL_DACEx_ErrorCallbackCh2
 .text.DAC_DMAConvCpltCh2
                0x08003dc8       0x22 ./Drivers/STM32L4xx_HAL_Driver/Src/stm32l4xx_hal_dac_ex.o
                0x08003dc8                DAC_DMAConvCpltCh2
 .text.DAC_DMAHalfConvCpltCh2
                0x08003dea       0x1c ./Drivers/STM32L4xx_HAL_Driver/Src/stm32l4xx_hal_dac_ex.o
                0x08003dea                DAC_DMAHalfConvCpltCh2
 .text.DAC_DMAErrorCh2
                0x08003e06       0x2e ./Drivers/STM32L4xx_HAL_Driver/Src/stm32l4xx_hal_dac_ex.o
                0x08003e06                DAC_DMAErrorCh2
 .text.HAL_DMA_Init
                0x08003e34      0x170 ./Drivers/STM32L4xx_HAL_Driver/Src/stm32l4xx_hal_dma.o
                0x08003e34                HAL_DMA_Init
 .text.HAL_DMA_Start_IT
                0x08003fa4       0xc0 ./Drivers/STM32L4xx_HAL_Driver/Src/stm32l4xx_hal_dma.o
                0x08003fa4                HAL_DMA_Start_IT
 .text.HAL_DMA_Abort
                0x08004064       0x7c ./Drivers/STM32L4xx_HAL_Driver/Src/stm32l4xx_hal_dma.o
                0x08004064                HAL_DMA_Abort
 .text.HAL_DMA_IRQHandler
                0x080040e0      0x15e ./Drivers/STM32L4xx_HAL_Driver/Src/stm32l4xx_hal_dma.o
                0x080040e0                HAL_DMA_IRQHandler
 .text.DMA_SetConfig
                0x0800423e       0x60 ./Drivers/STM32L4xx_HAL_Driver/Src/stm32l4xx_hal_dma.o
 *fill*         0x0800429e        0x2 
 .text.HAL_GPIO_Init
                0x080042a0      0x354 ./Drivers/STM32L4xx_HAL_Driver/Src/stm32l4xx_hal_gpio.o
                0x080042a0                HAL_GPIO_Init
 .text.HAL_GPIO_WritePin
                0x080045f4       0x30 ./Drivers/STM32L4xx_HAL_Driver/Src/stm32l4xx_hal_gpio.o
                0x080045f4                HAL_GPIO_WritePin
 .text.HAL_GPIO_TogglePin
                0x08004624       0x34 ./Drivers/STM32L4xx_HAL_Driver/Src/stm32l4xx_hal_gpio.o
                0x08004624                HAL_GPIO_TogglePin
 .text.HAL_GPIO_EXTI_IRQHandler
                0x08004658       0x30 ./Drivers/STM32L4xx_HAL_Driver/Src/stm32l4xx_hal_gpio.o
                0x08004658                HAL_GPIO_EXTI_IRQHandler
 .text.HAL_PWREx_GetVoltageRange
                0x08004688       0x1c ./Drivers/STM32L4xx_HAL_Driver/Src/stm32l4xx_hal_pwr_ex.o
                0x08004688                HAL_PWREx_GetVoltageRange
 .text.HAL_PWREx_ControlVoltageScaling
                0x080046a4       0xac ./Drivers/STM32L4xx_HAL_Driver/Src/stm32l4xx_hal_pwr_ex.o
                0x080046a4                HAL_PWREx_ControlVoltageScaling
 .text.HAL_RCC_OscConfig
                0x08004750      0x7b8 ./Drivers/STM32L4xx_HAL_Driver/Src/stm32l4xx_hal_rcc.o
                0x08004750                HAL_RCC_OscConfig
 .text.HAL_RCC_ClockConfig
                0x08004f08      0x200 ./Drivers/STM32L4xx_HAL_Driver/Src/stm32l4xx_hal_rcc.o
                0x08004f08                HAL_RCC_ClockConfig
 .text.HAL_RCC_GetSysClockFreq
                0x08005108      0x118 ./Drivers/STM32L4xx_HAL_Driver/Src/stm32l4xx_hal_rcc.o
                0x08005108                HAL_RCC_GetSysClockFreq
 .text.HAL_RCC_GetHCLKFreq
                0x08005220       0x18 ./Drivers/STM32L4xx_HAL_Driver/Src/stm32l4xx_hal_rcc.o
                0x08005220                HAL_RCC_GetHCLKFreq
 .text.HAL_RCC_GetPCLK1Freq
                0x08005238       0x2c ./Drivers/STM32L4xx_HAL_Driver/Src/stm32l4xx_hal_rcc.o
                0x08005238                HAL_RCC_GetPCLK1Freq
 .text.HAL_RCC_GetPCLK2Freq
                0x08005264       0x2c ./Drivers/STM32L4xx_HAL_Driver/Src/stm32l4xx_hal_rcc.o
                0x08005264                HAL_RCC_GetPCLK2Freq
 .text.RCC_SetFlashLatencyFromMSIRange
                0x08005290       0xc0 ./Drivers/STM32L4xx_HAL_Driver/Src/stm32l4xx_hal_rcc.o
 .text.HAL_RCCEx_PeriphCLKConfig
                0x08005350      0x5d4 ./Drivers/STM32L4xx_HAL_Driver/Src/stm32l4xx_hal_rcc_ex.o
                0x08005350                HAL_RCCEx_PeriphCLKConfig
 .text.RCCEx_PLLSAI1_Config
                0x08005924      0x1e8 ./Drivers/STM32L4xx_HAL_Driver/Src/stm32l4xx_hal_rcc_ex.o
 .text.RCCEx_PLLSAI2_Config
                0x08005b0c      0x1bc ./Drivers/STM32L4xx_HAL_Driver/Src/stm32l4xx_hal_rcc_ex.o
 .text.HAL_SPI_Init
                0x08005cc8      0x146 ./Drivers/STM32L4xx_HAL_Driver/Src/stm32l4xx_hal_spi.o
                0x08005cc8                HAL_SPI_Init
 .text.HAL_SPI_Transmit
                0x08005e0e      0x2ec ./Drivers/STM32L4xx_HAL_Driver/Src/stm32l4xx_hal_spi.o
                0x08005e0e                HAL_SPI_Transmit
 .text.HAL_SPI_TransmitReceive
                0x080060fa      0x43e ./Drivers/STM32L4xx_HAL_Driver/Src/stm32l4xx_hal_spi.o
                0x080060fa                HAL_SPI_TransmitReceive
 .text.SPI_WaitFlagStateUntilTimeout
                0x08006538      0x110 ./Drivers/STM32L4xx_HAL_Driver/Src/stm32l4xx_hal_spi.o
 .text.SPI_WaitFifoStateUntilTimeout
                0x08006648      0x12c ./Drivers/STM32L4xx_HAL_Driver/Src/stm32l4xx_hal_spi.o
 .text.SPI_EndRxTxTransaction
                0x08006774       0x8c ./Drivers/STM32L4xx_HAL_Driver/Src/stm32l4xx_hal_spi.o
 .text.HAL_TIM_Base_Init
                0x08006800       0xae ./Drivers/STM32L4xx_HAL_Driver/Src/stm32l4xx_hal_tim.o
                0x08006800                HAL_TIM_Base_Init
 *fill*         0x080068ae        0x2 
 .text.HAL_TIM_Base_Start
                0x080068b0       0xd0 ./Drivers/STM32L4xx_HAL_Driver/Src/stm32l4xx_hal_tim.o
                0x080068b0                HAL_TIM_Base_Start
 .text.TIM_Base_SetConfig
                0x08006980      0x14c ./Drivers/STM32L4xx_HAL_Driver/Src/stm32l4xx_hal_tim.o
                0x08006980                TIM_Base_SetConfig
 .text.HAL_TIMEx_MasterConfigSynchronization
                0x08006acc      0x110 ./Drivers/STM32L4xx_HAL_Driver/Src/stm32l4xx_hal_tim_ex.o
                0x08006acc                HAL_TIMEx_MasterConfigSynchronization
 .text.HAL_UART_Init
                0x08006bdc       0x9c ./Drivers/STM32L4xx_HAL_Driver/Src/stm32l4xx_hal_uart.o
                0x08006bdc                HAL_UART_Init
 .text.HAL_UART_Transmit
                0x08006c78      0x112 ./Drivers/STM32L4xx_HAL_Driver/Src/stm32l4xx_hal_uart.o
                0x08006c78                HAL_UART_Transmit
 *fill*         0x08006d8a        0x2 
 .text.UART_SetConfig
                0x08006d8c      0x570 ./Drivers/STM32L4xx_HAL_Driver/Src/stm32l4xx_hal_uart.o
                0x08006d8c                UART_SetConfig
 .text.UART_AdvFeatureConfig
                0x080072fc      0x144 ./Drivers/STM32L4xx_HAL_Driver/Src/stm32l4xx_hal_uart.o
                0x080072fc                UART_AdvFeatureConfig
 .text.UART_CheckIdleState
                0x08007440      0x150 ./Drivers/STM32L4xx_HAL_Driver/Src/stm32l4xx_hal_uart.o
                0x08007440                UART_CheckIdleState
 .text.UART_WaitOnFlagUntilTimeout
                0x08007590       0xda ./Drivers/STM32L4xx_HAL_Driver/Src/stm32l4xx_hal_uart.o
                0x08007590                UART_WaitOnFlagUntilTimeout
 .text.UART_EndRxTransfer
                0x0800766a       0xc8 ./Drivers/STM32L4xx_HAL_Driver/Src/stm32l4xx_hal_uart.o
 *fill*         0x08007732        0x2 
 .text.MX_FATFS_Init
                0x08007734       0x24 ./FATFS/App/fatfs.o
                0x08007734                MX_FATFS_Init
 .text.get_fattime
                0x08007758       0x10 ./FATFS/App/fatfs.o
                0x08007758                get_fattime
 .text.USER_initialize
                0x08007768       0x1e ./FATFS/Target/user_diskio.o
                0x08007768                USER_initialize
 .text.USER_status
                0x08007786       0x1e ./FATFS/Target/user_diskio.o
                0x08007786                USER_status
 .text.USER_read
                0x080077a4       0x28 ./FATFS/Target/user_diskio.o
                0x080077a4                USER_read
 .text.USER_write
                0x080077cc       0x28 ./FATFS/Target/user_diskio.o
                0x080077cc                USER_write
 .text.USER_ioctl
                0x080077f4       0x28 ./FATFS/Target/user_diskio.o
                0x080077f4                USER_ioctl
 .text.SPI_Timer_On
                0x0800781c       0x28 ./FATFS/Target/user_diskio_spi.o
                0x0800781c                SPI_Timer_On
 .text.SPI_Timer_Status
                0x08007844       0x2c ./FATFS/Target/user_diskio_spi.o
                0x08007844                SPI_Timer_Status
 .text.xchg_spi
                0x08007870       0x2c ./FATFS/Target/user_diskio_spi.o
 .text.rcvr_spi_multi
                0x0800789c       0x38 ./FATFS/Target/user_diskio_spi.o
 .text.xmit_spi_multi
                0x080078d4       0x28 ./FATFS/Target/user_diskio_spi.o
 .text.wait_ready
                0x080078fc       0x46 ./FATFS/Target/user_diskio_spi.o
 *fill*         0x08007942        0x2 
 .text.despiselect
                0x08007944       0x1c ./FATFS/Target/user_diskio_spi.o
 .text.spiselect
                0x08007960       0x34 ./FATFS/Target/user_diskio_spi.o
 .text.rcvr_datablock
                0x08007994       0x52 ./FATFS/Target/user_diskio_spi.o
 .text.xmit_datablock
                0x080079e6       0x64 ./FATFS/Target/user_diskio_spi.o
 .text.send_cmd
                0x08007a4a       0xde ./FATFS/Target/user_diskio_spi.o
 .text.USER_SPI_initialize
                0x08007b28      0x1d8 ./FATFS/Target/user_diskio_spi.o
                0x08007b28                USER_SPI_initialize
 .text.USER_SPI_status
                0x08007d00       0x2c ./FATFS/Target/user_diskio_spi.o
                0x08007d00                USER_SPI_status
 .text.USER_SPI_read
                0x08007d2c       0xcc ./FATFS/Target/user_diskio_spi.o
                0x08007d2c                USER_SPI_read
 .text.USER_SPI_write
                0x08007df8       0xf8 ./FATFS/Target/user_diskio_spi.o
                0x08007df8                USER_SPI_write
 .text.USER_SPI_ioctl
                0x08007ef0      0x2e0 ./FATFS/Target/user_diskio_spi.o
                0x08007ef0                USER_SPI_ioctl
 .text.disk_status
                0x080081d0       0x34 ./Middlewares/Third_Party/FatFs/src/diskio.o
                0x080081d0                disk_status
 .text.disk_initialize
                0x08008204       0x4c ./Middlewares/Third_Party/FatFs/src/diskio.o
                0x08008204                disk_initialize
 .text.disk_read
                0x08008250       0x40 ./Middlewares/Third_Party/FatFs/src/diskio.o
                0x08008250                disk_read
 .text.disk_write
                0x08008290       0x40 ./Middlewares/Third_Party/FatFs/src/diskio.o
                0x08008290                disk_write
 .text.disk_ioctl
                0x080082d0       0x3c ./Middlewares/Third_Party/FatFs/src/diskio.o
                0x080082d0                disk_ioctl
 .text.ld_word  0x0800830c       0x30 ./Middlewares/Third_Party/FatFs/src/ff.o
 .text.ld_dword
                0x0800833c       0x46 ./Middlewares/Third_Party/FatFs/src/ff.o
 .text.st_word  0x08008382       0x36 ./Middlewares/Third_Party/FatFs/src/ff.o
 .text.st_dword
                0x080083b8       0x58 ./Middlewares/Third_Party/FatFs/src/ff.o
 .text.mem_cpy  0x08008410       0x42 ./Middlewares/Third_Party/FatFs/src/ff.o
 .text.mem_set  0x08008452       0x36 ./Middlewares/Third_Party/FatFs/src/ff.o
 .text.mem_cmp  0x08008488       0x4e ./Middlewares/Third_Party/FatFs/src/ff.o
 .text.chk_chr  0x080084d6       0x36 ./Middlewares/Third_Party/FatFs/src/ff.o
 .text.chk_lock
                0x0800850c       0xb8 ./Middlewares/Third_Party/FatFs/src/ff.o
 .text.enq_lock
                0x080085c4       0x44 ./Middlewares/Third_Party/FatFs/src/ff.o
 .text.inc_lock
                0x08008608      0x11c ./Middlewares/Third_Party/FatFs/src/ff.o
 .text.dec_lock
                0x08008724       0x78 ./Middlewares/Third_Party/FatFs/src/ff.o
 .text.clear_lock
                0x0800879c       0x48 ./Middlewares/Third_Party/FatFs/src/ff.o
 .text.sync_window
                0x080087e4       0x88 ./Middlewares/Third_Party/FatFs/src/ff.o
 .text.move_window
                0x0800886c       0x5a ./Middlewares/Third_Party/FatFs/src/ff.o
 *fill*         0x080088c6        0x2 
 .text.sync_fs  0x080088c8       0xdc ./Middlewares/Third_Party/FatFs/src/ff.o
 .text.clust2sect
                0x080089a4       0x3e ./Middlewares/Third_Party/FatFs/src/ff.o
 .text.get_fat  0x080089e2      0x14e ./Middlewares/Third_Party/FatFs/src/ff.o
 .text.put_fat  0x08008b30      0x1d4 ./Middlewares/Third_Party/FatFs/src/ff.o
 .text.remove_chain
                0x08008d04       0xca ./Middlewares/Third_Party/FatFs/src/ff.o
 .text.create_chain
                0x08008dce      0x130 ./Middlewares/Third_Party/FatFs/src/ff.o
 .text.clmt_clust
                0x08008efe       0x68 ./Middlewares/Third_Party/FatFs/src/ff.o
 .text.dir_sdi  0x08008f66       0xf6 ./Middlewares/Third_Party/FatFs/src/ff.o
 .text.dir_next
                0x0800905c      0x18a ./Middlewares/Third_Party/FatFs/src/ff.o
 .text.dir_alloc
                0x080091e6       0x8e ./Middlewares/Third_Party/FatFs/src/ff.o
 .text.ld_clust
                0x08009274       0x3e ./Middlewares/Third_Party/FatFs/src/ff.o
 .text.st_clust
                0x080092b2       0x40 ./Middlewares/Third_Party/FatFs/src/ff.o
 .text.dir_find
                0x080092f2       0xaa ./Middlewares/Third_Party/FatFs/src/ff.o
 .text.dir_register
                0x0800939c       0x64 ./Middlewares/Third_Party/FatFs/src/ff.o
 .text.create_name
                0x08009400      0x128 ./Middlewares/Third_Party/FatFs/src/ff.o
 .text.follow_path
                0x08009528       0xe2 ./Middlewares/Third_Party/FatFs/src/ff.o
 .text.get_ldnumber
                0x0800960a       0x88 ./Middlewares/Third_Party/FatFs/src/ff.o
 *fill*         0x08009692        0x2 
 .text.check_fs
                0x08009694       0xac ./Middlewares/Third_Party/FatFs/src/ff.o
 .text.find_volume
                0x08009740      0x498 ./Middlewares/Third_Party/FatFs/src/ff.o
 .text.validate
                0x08009bd8       0x6a ./Middlewares/Third_Party/FatFs/src/ff.o
 *fill*         0x08009c42        0x2 
 .text.f_mount  0x08009c44       0x8c ./Middlewares/Third_Party/FatFs/src/ff.o
                0x08009c44                f_mount
 .text.f_open   0x08009cd0      0x374 ./Middlewares/Third_Party/FatFs/src/ff.o
                0x08009cd0                f_open
 .text.f_read   0x0800a044      0x27e ./Middlewares/Third_Party/FatFs/src/ff.o
                0x0800a044                f_read
 .text.f_sync   0x0800a2c2       0xfc ./Middlewares/Third_Party/FatFs/src/ff.o
                0x0800a2c2                f_sync
 .text.f_close  0x0800a3be       0x54 ./Middlewares/Third_Party/FatFs/src/ff.o
                0x0800a3be                f_close
 *fill*         0x0800a412        0x2 
 .text.FATFS_LinkDriverEx
                0x0800a414       0x98 ./Middlewares/Third_Party/FatFs/src/ff_gen_drv.o
                0x0800a414                FATFS_LinkDriverEx
 .text.FATFS_LinkDriver
                0x0800a4ac       0x1e ./Middlewares/Third_Party/FatFs/src/ff_gen_drv.o
                0x0800a4ac                FATFS_LinkDriver
 *fill*         0x0800a4ca        0x2 
 .text.arm_rfft_32_fast_init_f32
                0x0800a4cc       0x34 C:\Users\matth\STM32CubeIDE\test_workspace\DTM_Decoder_Project\Drivers\CMSIS\Lib\GCC\libarm_cortexM4lf_math.a(arm_rfft_fast_init_f32.o)
                0x0800a4cc                arm_rfft_32_fast_init_f32
 .text.arm_rfft_64_fast_init_f32
                0x0800a500       0x34 C:\Users\matth\STM32CubeIDE\test_workspace\DTM_Decoder_Project\Drivers\CMSIS\Lib\GCC\libarm_cortexM4lf_math.a(arm_rfft_fast_init_f32.o)
                0x0800a500                arm_rfft_64_fast_init_f32
 .text.arm_rfft_256_fast_init_f32
                0x0800a534       0x38 C:\Users\matth\STM32CubeIDE\test_workspace\DTM_Decoder_Project\Drivers\CMSIS\Lib\GCC\libarm_cortexM4lf_math.a(arm_rfft_fast_init_f32.o)
                0x0800a534                arm_rfft_256_fast_init_f32
 .text.arm_rfft_512_fast_init_f32
                0x0800a56c       0x3c C:\Users\matth\STM32CubeIDE\test_workspace\DTM_Decoder_Project\Drivers\CMSIS\Lib\GCC\libarm_cortexM4lf_math.a(arm_rfft_fast_init_f32.o)
                0x0800a56c                arm_rfft_512_fast_init_f32
 .text.arm_rfft_1024_fast_init_f32
                0x0800a5a8       0x3c C:\Users\matth\STM32CubeIDE\test_workspace\DTM_Decoder_Project\Drivers\CMSIS\Lib\GCC\libarm_cortexM4lf_math.a(arm_rfft_fast_init_f32.o)
                0x0800a5a8                arm_rfft_1024_fast_init_f32
 .text.arm_rfft_2048_fast_init_f32
                0x0800a5e4       0x3c C:\Users\matth\STM32CubeIDE\test_workspace\DTM_Decoder_Project\Drivers\CMSIS\Lib\GCC\libarm_cortexM4lf_math.a(arm_rfft_fast_init_f32.o)
                0x0800a5e4                arm_rfft_2048_fast_init_f32
 .text.arm_rfft_4096_fast_init_f32
                0x0800a620       0x3c C:\Users\matth\STM32CubeIDE\test_workspace\DTM_Decoder_Project\Drivers\CMSIS\Lib\GCC\libarm_cortexM4lf_math.a(arm_rfft_fast_init_f32.o)
                0x0800a620                arm_rfft_4096_fast_init_f32
 .text.arm_rfft_fast_init_f32
                0x0800a65c       0x68 C:\Users\matth\STM32CubeIDE\test_workspace\DTM_Decoder_Project\Drivers\CMSIS\Lib\GCC\libarm_cortexM4lf_math.a(arm_rfft_fast_init_f32.o)
                0x0800a65c                arm_rfft_fast_init_f32
 .text.stage_rfft_f32
                0x0800a6c4       0xb4 C:\Users\matth\STM32CubeIDE\test_workspace\DTM_Decoder_Project\Drivers\CMSIS\Lib\GCC\libarm_cortexM4lf_math.a(arm_rfft_fast_f32.o)
                0x0800a6c4                stage_rfft_f32
 .text.merge_rfft_f32
                0x0800a778       0xac C:\Users\matth\STM32CubeIDE\test_workspace\DTM_Decoder_Project\Drivers\CMSIS\Lib\GCC\libarm_cortexM4lf_math.a(arm_rfft_fast_f32.o)
                0x0800a778                merge_rfft_f32
 .text.arm_rfft_fast_f32
                0x0800a824       0x40 C:\Users\matth\STM32CubeIDE\test_workspace\DTM_Decoder_Project\Drivers\CMSIS\Lib\GCC\libarm_cortexM4lf_math.a(arm_rfft_fast_f32.o)
                0x0800a824                arm_rfft_fast_f32
 .text.arm_cfft_radix8by2_f32
                0x0800a864      0x1a0 C:\Users\matth\STM32CubeIDE\test_workspace\DTM_Decoder_Project\Drivers\CMSIS\Lib\GCC\libarm_cortexM4lf_math.a(arm_cfft_f32.o)
                0x0800a864                arm_cfft_radix8by2_f32
 .text.arm_cfft_radix8by4_f32
                0x0800aa04      0x4ac C:\Users\matth\STM32CubeIDE\test_workspace\DTM_Decoder_Project\Drivers\CMSIS\Lib\GCC\libarm_cortexM4lf_math.a(arm_cfft_f32.o)
                0x0800aa04                arm_cfft_radix8by4_f32
 .text.arm_cfft_f32
                0x0800aeb0       0xf0 C:\Users\matth\STM32CubeIDE\test_workspace\DTM_Decoder_Project\Drivers\CMSIS\Lib\GCC\libarm_cortexM4lf_math.a(arm_cfft_f32.o)
                0x0800aeb0                arm_cfft_f32
 .text.arm_bitreversal_32
                0x0800afa0       0x40 C:\Users\matth\STM32CubeIDE\test_workspace\DTM_Decoder_Project\Drivers\CMSIS\Lib\GCC\libarm_cortexM4lf_math.a(arm_bitreversal2.o)
                0x0800afa0                arm_bitreversal_32
 .text.arm_fir_init_f32
                0x0800afe0       0x20 C:\Users\matth\STM32CubeIDE\test_workspace\DTM_Decoder_Project\Drivers\CMSIS\Lib\GCC\libarm_cortexM4lf_math.a(arm_fir_init_f32.o)
                0x0800afe0                arm_fir_init_f32
 .text.arm_cmplx_mag_f32
                0x0800b000      0x248 C:\Users\matth\STM32CubeIDE\test_workspace\DTM_Decoder_Project\Drivers\CMSIS\Lib\GCC\libarm_cortexM4lf_math.a(arm_cmplx_mag_f32.o)
                0x0800b000                arm_cmplx_mag_f32
 .text.arm_radix8_butterfly_f32
                0x0800b248      0x580 C:\Users\matth\STM32CubeIDE\test_workspace\DTM_Decoder_Project\Drivers\CMSIS\Lib\GCC\libarm_cortexM4lf_math.a(arm_cfft_radix8_f32.o)
                0x0800b248                arm_radix8_butterfly_f32
 .text._vsnprintf_r
                0x0800b7c8       0x56 C:/ST/STM32CubeIDE_1.16.0/STM32CubeIDE/plugins/com.st.stm32cube.ide.mcu.externaltools.gnu-tools-for-stm32.12.3.rel1.win32_1.0.200.202406191623/tools/bin/../lib/gcc/arm-none-eabi/12.3.1/../../../../arm-none-eabi/lib/thumb/v7e-m+fp/hard\libc_nano.a(libc_a-vsnprintf.o)
                0x0800b7c8                _vsniprintf_r
                0x0800b7c8                _vsnprintf_r
 *fill*         0x0800b81e        0x2 
 .text.vsnprintf
                0x0800b820       0x1c C:/ST/STM32CubeIDE_1.16.0/STM32CubeIDE/plugins/com.st.stm32cube.ide.mcu.externaltools.gnu-tools-for-stm32.12.3.rel1.win32_1.0.200.202406191623/tools/bin/../lib/gcc/arm-none-eabi/12.3.1/../../../../arm-none-eabi/lib/thumb/v7e-m+fp/hard\libc_nano.a(libc_a-vsnprintf.o)
                0x0800b820                vsniprintf
                0x0800b820                vsnprintf
 .text.memset   0x0800b83c       0x10 C:/ST/STM32CubeIDE_1.16.0/STM32CubeIDE/plugins/com.st.stm32cube.ide.mcu.externaltools.gnu-tools-for-stm32.12.3.rel1.win32_1.0.200.202406191623/tools/bin/../lib/gcc/arm-none-eabi/12.3.1/../../../../arm-none-eabi/lib/thumb/v7e-m+fp/hard\libc_nano.a(libc_a-memset.o)
                0x0800b83c                memset
 .text.__errno  0x0800b84c        0xc C:/ST/STM32CubeIDE_1.16.0/STM32CubeIDE/plugins/com.st.stm32cube.ide.mcu.externaltools.gnu-tools-for-stm32.12.3.rel1.win32_1.0.200.202406191623/tools/bin/../lib/gcc/arm-none-eabi/12.3.1/../../../../arm-none-eabi/lib/thumb/v7e-m+fp/hard\libc_nano.a(libc_a-errno.o)
                0x0800b84c                __errno
 .text.__libc_init_array
                0x0800b858       0x48 C:/ST/STM32CubeIDE_1.16.0/STM32CubeIDE/plugins/com.st.stm32cube.ide.mcu.externaltools.gnu-tools-for-stm32.12.3.rel1.win32_1.0.200.202406191623/tools/bin/../lib/gcc/arm-none-eabi/12.3.1/../../../../arm-none-eabi/lib/thumb/v7e-m+fp/hard\libc_nano.a(libc_a-init.o)
                0x0800b858                __libc_init_array
 .text.__retarget_lock_acquire_recursive
                0x0800b8a0        0x2 C:/ST/STM32CubeIDE_1.16.0/STM32CubeIDE/plugins/com.st.stm32cube.ide.mcu.externaltools.gnu-tools-for-stm32.12.3.rel1.win32_1.0.200.202406191623/tools/bin/../lib/gcc/arm-none-eabi/12.3.1/../../../../arm-none-eabi/lib/thumb/v7e-m+fp/hard\libc_nano.a(libc_a-lock.o)
                0x0800b8a0                __retarget_lock_acquire_recursive
 .text.__retarget_lock_release_recursive
                0x0800b8a2        0x2 C:/ST/STM32CubeIDE_1.16.0/STM32CubeIDE/plugins/com.st.stm32cube.ide.mcu.externaltools.gnu-tools-for-stm32.12.3.rel1.win32_1.0.200.202406191623/tools/bin/../lib/gcc/arm-none-eabi/12.3.1/../../../../arm-none-eabi/lib/thumb/v7e-m+fp/hard\libc_nano.a(libc_a-lock.o)
                0x0800b8a2                __retarget_lock_release_recursive
 .text._free_r  0x0800b8a4       0x94 C:/ST/STM32CubeIDE_1.16.0/STM32CubeIDE/plugins/com.st.stm32cube.ide.mcu.externaltools.gnu-tools-for-stm32.12.3.rel1.win32_1.0.200.202406191623/tools/bin/../lib/gcc/arm-none-eabi/12.3.1/../../../../arm-none-eabi/lib/thumb/v7e-m+fp/hard\libc_nano.a(libc_a-freer.o)
                0x0800b8a4                _free_r
 .text.sbrk_aligned
                0x0800b938       0x44 C:/ST/STM32CubeIDE_1.16.0/STM32CubeIDE/plugins/com.st.stm32cube.ide.mcu.externaltools.gnu-tools-for-stm32.12.3.rel1.win32_1.0.200.202406191623/tools/bin/../lib/gcc/arm-none-eabi/12.3.1/../../../../arm-none-eabi/lib/thumb/v7e-m+fp/hard\libc_nano.a(libc_a-mallocr.o)
 .text._malloc_r
                0x0800b97c      0x100 C:/ST/STM32CubeIDE_1.16.0/STM32CubeIDE/plugins/com.st.stm32cube.ide.mcu.externaltools.gnu-tools-for-stm32.12.3.rel1.win32_1.0.200.202406191623/tools/bin/../lib/gcc/arm-none-eabi/12.3.1/../../../../arm-none-eabi/lib/thumb/v7e-m+fp/hard\libc_nano.a(libc_a-mallocr.o)
                0x0800b97c                _malloc_r
 .text.__malloc_lock
                0x0800ba7c        0xc C:/ST/STM32CubeIDE_1.16.0/STM32CubeIDE/plugins/com.st.stm32cube.ide.mcu.externaltools.gnu-tools-for-stm32.12.3.rel1.win32_1.0.200.202406191623/tools/bin/../lib/gcc/arm-none-eabi/12.3.1/../../../../arm-none-eabi/lib/thumb/v7e-m+fp/hard\libc_nano.a(libc_a-mlock.o)
                0x0800ba7c                __malloc_lock
 .text.__malloc_unlock
                0x0800ba88        0xc C:/ST/STM32CubeIDE_1.16.0/STM32CubeIDE/plugins/com.st.stm32cube.ide.mcu.externaltools.gnu-tools-for-stm32.12.3.rel1.win32_1.0.200.202406191623/tools/bin/../lib/gcc/arm-none-eabi/12.3.1/../../../../arm-none-eabi/lib/thumb/v7e-m+fp/hard\libc_nano.a(libc_a-mlock.o)
                0x0800ba88                __malloc_unlock
 .text.__ssputs_r
                0x0800ba94       0xb6 C:/ST/STM32CubeIDE_1.16.0/STM32CubeIDE/plugins/com.st.stm32cube.ide.mcu.externaltools.gnu-tools-for-stm32.12.3.rel1.win32_1.0.200.202406191623/tools/bin/../lib/gcc/arm-none-eabi/12.3.1/../../../../arm-none-eabi/lib/thumb/v7e-m+fp/hard\libc_nano.a(libc_a-nano-svfprintf.o)
                0x0800ba94                __ssputs_r
 *fill*         0x0800bb4a        0x2 
 .text._svfprintf_r
                0x0800bb4c      0x1f8 C:/ST/STM32CubeIDE_1.16.0/STM32CubeIDE/plugins/com.st.stm32cube.ide.mcu.externaltools.gnu-tools-for-stm32.12.3.rel1.win32_1.0.200.202406191623/tools/bin/../lib/gcc/arm-none-eabi/12.3.1/../../../../arm-none-eabi/lib/thumb/v7e-m+fp/hard\libc_nano.a(libc_a-nano-svfprintf.o)
                0x0800bb4c                _svfiprintf_r
                0x0800bb4c                _svfprintf_r
 .text._printf_common
                0x0800bd44       0xda C:/ST/STM32CubeIDE_1.16.0/STM32CubeIDE/plugins/com.st.stm32cube.ide.mcu.externaltools.gnu-tools-for-stm32.12.3.rel1.win32_1.0.200.202406191623/tools/bin/../lib/gcc/arm-none-eabi/12.3.1/../../../../arm-none-eabi/lib/thumb/v7e-m+fp/hard\libc_nano.a(libc_a-nano-vfprintf_i.o)
                0x0800bd44                _printf_common
 *fill*         0x0800be1e        0x2 
 .text._printf_i
                0x0800be20      0x240 C:/ST/STM32CubeIDE_1.16.0/STM32CubeIDE/plugins/com.st.stm32cube.ide.mcu.externaltools.gnu-tools-for-stm32.12.3.rel1.win32_1.0.200.202406191623/tools/bin/../lib/gcc/arm-none-eabi/12.3.1/../../../../arm-none-eabi/lib/thumb/v7e-m+fp/hard\libc_nano.a(libc_a-nano-vfprintf_i.o)
                0x0800be20                _printf_i
 .text.memmove  0x0800c060       0x34 C:/ST/STM32CubeIDE_1.16.0/STM32CubeIDE/plugins/com.st.stm32cube.ide.mcu.externaltools.gnu-tools-for-stm32.12.3.rel1.win32_1.0.200.202406191623/tools/bin/../lib/gcc/arm-none-eabi/12.3.1/../../../../arm-none-eabi/lib/thumb/v7e-m+fp/hard\libc_nano.a(libc_a-memmove.o)
                0x0800c060                memmove
 .text._sbrk_r  0x0800c094       0x20 C:/ST/STM32CubeIDE_1.16.0/STM32CubeIDE/plugins/com.st.stm32cube.ide.mcu.externaltools.gnu-tools-for-stm32.12.3.rel1.win32_1.0.200.202406191623/tools/bin/../lib/gcc/arm-none-eabi/12.3.1/../../../../arm-none-eabi/lib/thumb/v7e-m+fp/hard\libc_nano.a(libc_a-sbrkr.o)
                0x0800c094                _sbrk_r
 .text.memcpy   0x0800c0b4       0x1c C:/ST/STM32CubeIDE_1.16.0/STM32CubeIDE/plugins/com.st.stm32cube.ide.mcu.externaltools.gnu-tools-for-stm32.12.3.rel1.win32_1.0.200.202406191623/tools/bin/../lib/gcc/arm-none-eabi/12.3.1/../../../../arm-none-eabi/lib/thumb/v7e-m+fp/hard\libc_nano.a(libc_a-memcpy-stub.o)
                0x0800c0b4                memcpy
 .text._realloc_r
                0x0800c0d0       0x5c C:/ST/STM32CubeIDE_1.16.0/STM32CubeIDE/plugins/com.st.stm32cube.ide.mcu.externaltools.gnu-tools-for-stm32.12.3.rel1.win32_1.0.200.202406191623/tools/bin/../lib/gcc/arm-none-eabi/12.3.1/../../../../arm-none-eabi/lib/thumb/v7e-m+fp/hard\libc_nano.a(libc_a-reallocr.o)
                0x0800c0d0                _realloc_r
 .text._malloc_usable_size_r
                0x0800c12c       0x10 C:/ST/STM32CubeIDE_1.16.0/STM32CubeIDE/plugins/com.st.stm32cube.ide.mcu.externaltools.gnu-tools-for-stm32.12.3.rel1.win32_1.0.200.202406191623/tools/bin/../lib/gcc/arm-none-eabi/12.3.1/../../../../arm-none-eabi/lib/thumb/v7e-m+fp/hard\libc_nano.a(libc_a-msizer.o)
                0x0800c12c                _malloc_usable_size_r
 .text.sqrtf    0x0800c13c       0x3c C:/ST/STM32CubeIDE_1.16.0/STM32CubeIDE/plugins/com.st.stm32cube.ide.mcu.externaltools.gnu-tools-for-stm32.12.3.rel1.win32_1.0.200.202406191623/tools/bin/../lib/gcc/arm-none-eabi/12.3.1/../../../../arm-none-eabi/lib/thumb/v7e-m+fp/hard\libm.a(libm_a-wf_sqrt.o)
                0x0800c13c                sqrtf
 .text.__ieee754_sqrtf
                0x0800c178        0x6 C:/ST/STM32CubeIDE_1.16.0/STM32CubeIDE/plugins/com.st.stm32cube.ide.mcu.externaltools.gnu-tools-for-stm32.12.3.rel1.win32_1.0.200.202406191623/tools/bin/../lib/gcc/arm-none-eabi/12.3.1/../../../../arm-none-eabi/lib/thumb/v7e-m+fp/hard\libm.a(libm_a-ef_sqrt.o)
                0x0800c178                __ieee754_sqrtf
 *(.glue_7)
 .glue_7        0x0800c17e        0x0 linker stubs
 *(.glue_7t)
 .glue_7t       0x0800c17e        0x0 linker stubs
 *(.eh_frame)
 *fill*         0x0800c17e        0x2 
 .eh_frame      0x0800c180        0x0 C:/ST/STM32CubeIDE_1.16.0/STM32CubeIDE/plugins/com.st.stm32cube.ide.mcu.externaltools.gnu-tools-for-stm32.12.3.rel1.win32_1.0.200.202406191623/tools/bin/../lib/gcc/arm-none-eabi/12.3.1/thumb/v7e-m+fp/hard/crtbegin.o
 *(.init)
 .init          0x0800c180        0x4 C:/ST/STM32CubeIDE_1.16.0/STM32CubeIDE/plugins/com.st.stm32cube.ide.mcu.externaltools.gnu-tools-for-stm32.12.3.rel1.win32_1.0.200.202406191623/tools/bin/../lib/gcc/arm-none-eabi/12.3.1/thumb/v7e-m+fp/hard/crti.o
                0x0800c180                _init
 .init          0x0800c184        0x8 C:/ST/STM32CubeIDE_1.16.0/STM32CubeIDE/plugins/com.st.stm32cube.ide.mcu.externaltools.gnu-tools-for-stm32.12.3.rel1.win32_1.0.200.202406191623/tools/bin/../lib/gcc/arm-none-eabi/12.3.1/thumb/v7e-m+fp/hard/crtn.o
 *(.fini)
 .fini          0x0800c18c        0x4 C:/ST/STM32CubeIDE_1.16.0/STM32CubeIDE/plugins/com.st.stm32cube.ide.mcu.externaltools.gnu-tools-for-stm32.12.3.rel1.win32_1.0.200.202406191623/tools/bin/../lib/gcc/arm-none-eabi/12.3.1/thumb/v7e-m+fp/hard/crti.o
                0x0800c18c                _fini
 .fini          0x0800c190        0x8 C:/ST/STM32CubeIDE_1.16.0/STM32CubeIDE/plugins/com.st.stm32cube.ide.mcu.externaltools.gnu-tools-for-stm32.12.3.rel1.win32_1.0.200.202406191623/tools/bin/../lib/gcc/arm-none-eabi/12.3.1/thumb/v7e-m+fp/hard/crtn.o
                0x0800c198                        . = ALIGN (0x4)
                0x0800c198                        _etext = .

.vfp11_veneer   0x0800c198        0x0
 .vfp11_veneer  0x0800c198        0x0 linker stubs

.v4_bx          0x0800c198        0x0
 .v4_bx         0x0800c198        0x0 linker stubs

.iplt           0x0800c198        0x0
 .iplt          0x0800c198        0x0 C:/ST/STM32CubeIDE_1.16.0/STM32CubeIDE/plugins/com.st.stm32cube.ide.mcu.externaltools.gnu-tools-for-stm32.12.3.rel1.win32_1.0.200.202406191623/tools/bin/../lib/gcc/arm-none-eabi/12.3.1/thumb/v7e-m+fp/hard/crtbegin.o

.rodata         0x0800c198    0x131c4
                0x0800c198                        . = ALIGN (0x4)
 *(.rodata)
 .rodata        0x0800c198       0x99 ./Core/Src/main.o
 *fill*         0x0800c231        0x3 
 .rodata        0x0800c234       0x44 ./Middlewares/Third_Party/FatFs/src/ff.o
 *(.rodata*)
 .rodata.AHBPrescTable
                0x0800c278       0x10 ./Core/Src/system_stm32l4xx.o
                0x0800c278                AHBPrescTable
 .rodata.APBPrescTable
                0x0800c288        0x8 ./Core/Src/system_stm32l4xx.o
                0x0800c288                APBPrescTable
 .rodata.MSIRangeTable
                0x0800c290       0x30 ./Core/Src/system_stm32l4xx.o
                0x0800c290                MSIRangeTable
 .rodata.ExCvt  0x0800c2c0       0x80 ./Middlewares/Third_Party/FatFs/src/ff.o
 .rodata.armBitRevIndexTable1024
                0x0800c340      0xe10 C:\Users\matth\STM32CubeIDE\test_workspace\DTM_Decoder_Project\Drivers\CMSIS\Lib\GCC\libarm_cortexM4lf_math.a(arm_common_tables.o)
                0x0800c340                armBitRevIndexTable1024
 .rodata.armBitRevIndexTable128
                0x0800d150      0x1a0 C:\Users\matth\STM32CubeIDE\test_workspace\DTM_Decoder_Project\Drivers\CMSIS\Lib\GCC\libarm_cortexM4lf_math.a(arm_common_tables.o)
                0x0800d150                armBitRevIndexTable128
 .rodata.armBitRevIndexTable16
                0x0800d2f0       0x28 C:\Users\matth\STM32CubeIDE\test_workspace\DTM_Decoder_Project\Drivers\CMSIS\Lib\GCC\libarm_cortexM4lf_math.a(arm_common_tables.o)
                0x0800d2f0                armBitRevIndexTable16
 .rodata.armBitRevIndexTable2048
                0x0800d318     0x1dc0 C:\Users\matth\STM32CubeIDE\test_workspace\DTM_Decoder_Project\Drivers\CMSIS\Lib\GCC\libarm_cortexM4lf_math.a(arm_common_tables.o)
                0x0800d318                armBitRevIndexTable2048
 .rodata.armBitRevIndexTable256
                0x0800f0d8      0x370 C:\Users\matth\STM32CubeIDE\test_workspace\DTM_Decoder_Project\Drivers\CMSIS\Lib\GCC\libarm_cortexM4lf_math.a(arm_common_tables.o)
                0x0800f0d8                armBitRevIndexTable256
 .rodata.armBitRevIndexTable32
                0x0800f448       0x60 C:\Users\matth\STM32CubeIDE\test_workspace\DTM_Decoder_Project\Drivers\CMSIS\Lib\GCC\libarm_cortexM4lf_math.a(arm_common_tables.o)
                0x0800f448                armBitRevIndexTable32
 .rodata.armBitRevIndexTable512
                0x0800f4a8      0x380 C:\Users\matth\STM32CubeIDE\test_workspace\DTM_Decoder_Project\Drivers\CMSIS\Lib\GCC\libarm_cortexM4lf_math.a(arm_common_tables.o)
                0x0800f4a8                armBitRevIndexTable512
 .rodata.twiddleCoef_1024
                0x0800f828     0x2000 C:\Users\matth\STM32CubeIDE\test_workspace\DTM_Decoder_Project\Drivers\CMSIS\Lib\GCC\libarm_cortexM4lf_math.a(arm_common_tables.o)
                0x0800f828                twiddleCoef_1024
 .rodata.twiddleCoef_128
                0x08011828      0x400 C:\Users\matth\STM32CubeIDE\test_workspace\DTM_Decoder_Project\Drivers\CMSIS\Lib\GCC\libarm_cortexM4lf_math.a(arm_common_tables.o)
                0x08011828                twiddleCoef_128
 .rodata.twiddleCoef_16
                0x08011c28       0x80 C:\Users\matth\STM32CubeIDE\test_workspace\DTM_Decoder_Project\Drivers\CMSIS\Lib\GCC\libarm_cortexM4lf_math.a(arm_common_tables.o)
                0x08011c28                twiddleCoef_16
 .rodata.twiddleCoef_2048
                0x08011ca8     0x4000 C:\Users\matth\STM32CubeIDE\test_workspace\DTM_Decoder_Project\Drivers\CMSIS\Lib\GCC\libarm_cortexM4lf_math.a(arm_common_tables.o)
                0x08011ca8                twiddleCoef_2048
 .rodata.twiddleCoef_256
                0x08015ca8      0x800 C:\Users\matth\STM32CubeIDE\test_workspace\DTM_Decoder_Project\Drivers\CMSIS\Lib\GCC\libarm_cortexM4lf_math.a(arm_common_tables.o)
                0x08015ca8                twiddleCoef_256
 .rodata.twiddleCoef_32
                0x080164a8      0x100 C:\Users\matth\STM32CubeIDE\test_workspace\DTM_Decoder_Project\Drivers\CMSIS\Lib\GCC\libarm_cortexM4lf_math.a(arm_common_tables.o)
                0x080164a8                twiddleCoef_32
 .rodata.twiddleCoef_512
                0x080165a8     0x1000 C:\Users\matth\STM32CubeIDE\test_workspace\DTM_Decoder_Project\Drivers\CMSIS\Lib\GCC\libarm_cortexM4lf_math.a(arm_common_tables.o)
                0x080165a8                twiddleCoef_512
 .rodata.twiddleCoef_rfft_1024
                0x080175a8     0x1000 C:\Users\matth\STM32CubeIDE\test_workspace\DTM_Decoder_Project\Drivers\CMSIS\Lib\GCC\libarm_cortexM4lf_math.a(arm_common_tables.o)
                0x080175a8                twiddleCoef_rfft_1024
 .rodata.twiddleCoef_rfft_2048
                0x080185a8     0x2000 C:\Users\matth\STM32CubeIDE\test_workspace\DTM_Decoder_Project\Drivers\CMSIS\Lib\GCC\libarm_cortexM4lf_math.a(arm_common_tables.o)
                0x080185a8                twiddleCoef_rfft_2048
 .rodata.twiddleCoef_rfft_256
                0x0801a5a8      0x400 C:\Users\matth\STM32CubeIDE\test_workspace\DTM_Decoder_Project\Drivers\CMSIS\Lib\GCC\libarm_cortexM4lf_math.a(arm_common_tables.o)
                0x0801a5a8                twiddleCoef_rfft_256
 .rodata.twiddleCoef_rfft_32
                0x0801a9a8       0x80 C:\Users\matth\STM32CubeIDE\test_workspace\DTM_Decoder_Project\Drivers\CMSIS\Lib\GCC\libarm_cortexM4lf_math.a(arm_common_tables.o)
                0x0801a9a8                twiddleCoef_rfft_32
 .rodata.twiddleCoef_rfft_4096
                0x0801aa28     0x4000 C:\Users\matth\STM32CubeIDE\test_workspace\DTM_Decoder_Project\Drivers\CMSIS\Lib\GCC\libarm_cortexM4lf_math.a(arm_common_tables.o)
                0x0801aa28                twiddleCoef_rfft_4096
 .rodata.twiddleCoef_rfft_512
                0x0801ea28      0x800 C:\Users\matth\STM32CubeIDE\test_workspace\DTM_Decoder_Project\Drivers\CMSIS\Lib\GCC\libarm_cortexM4lf_math.a(arm_common_tables.o)
                0x0801ea28                twiddleCoef_rfft_512
 .rodata.twiddleCoef_rfft_64
                0x0801f228      0x100 C:\Users\matth\STM32CubeIDE\test_workspace\DTM_Decoder_Project\Drivers\CMSIS\Lib\GCC\libarm_cortexM4lf_math.a(arm_common_tables.o)
                0x0801f228                twiddleCoef_rfft_64
 .rodata._svfprintf_r.str1.1
                0x0801f328       0x11 C:/ST/STM32CubeIDE_1.16.0/STM32CubeIDE/plugins/com.st.stm32cube.ide.mcu.externaltools.gnu-tools-for-stm32.12.3.rel1.win32_1.0.200.202406191623/tools/bin/../lib/gcc/arm-none-eabi/12.3.1/../../../../arm-none-eabi/lib/thumb/v7e-m+fp/hard\libc_nano.a(libc_a-nano-svfprintf.o)
 .rodata._printf_i.str1.1
                0x0801f339       0x22 C:/ST/STM32CubeIDE_1.16.0/STM32CubeIDE/plugins/com.st.stm32cube.ide.mcu.externaltools.gnu-tools-for-stm32.12.3.rel1.win32_1.0.200.202406191623/tools/bin/../lib/gcc/arm-none-eabi/12.3.1/../../../../arm-none-eabi/lib/thumb/v7e-m+fp/hard\libc_nano.a(libc_a-nano-vfprintf_i.o)
                0x0801f35c                        . = ALIGN (0x4)
 *fill*         0x0801f35b        0x1 

.ARM.extab      0x0801f35c        0x0
                0x0801f35c                        . = ALIGN (0x4)
 *(.ARM.extab* .gnu.linkonce.armextab.*)
                0x0801f35c                        . = ALIGN (0x4)

.ARM            0x0801f35c        0x8
                0x0801f35c                        . = ALIGN (0x4)
                0x0801f35c                        __exidx_start = .
 *(.ARM.exidx*)
 .ARM.exidx     0x0801f35c        0x8 C:/ST/STM32CubeIDE_1.16.0/STM32CubeIDE/plugins/com.st.stm32cube.ide.mcu.externaltools.gnu-tools-for-stm32.12.3.rel1.win32_1.0.200.202406191623/tools/bin/../lib/gcc/arm-none-eabi/12.3.1/../../../../arm-none-eabi/lib/thumb/v7e-m+fp/hard\libc_nano.a(libc_a-strlen.o)
 .ARM.exidx     0x0801f364        0x0 C:/ST/STM32CubeIDE_1.16.0/STM32CubeIDE/plugins/com.st.stm32cube.ide.mcu.externaltools.gnu-tools-for-stm32.12.3.rel1.win32_1.0.200.202406191623/tools/bin/../lib/gcc/arm-none-eabi/12.3.1/../../../../arm-none-eabi/lib/thumb/v7e-m+fp/hard\libc_nano.a(libc_a-memchr.o)
                                  0x8 (size before relaxing)
 .ARM.exidx     0x0801f364        0x0 C:/ST/STM32CubeIDE_1.16.0/STM32CubeIDE/plugins/com.st.stm32cube.ide.mcu.externaltools.gnu-tools-for-stm32.12.3.rel1.win32_1.0.200.202406191623/tools/bin/../lib/gcc/arm-none-eabi/12.3.1/thumb/v7e-m+fp/hard\libgcc.a(_udivmoddi4.o)
                                  0x8 (size before relaxing)
                0x0801f364                        __exidx_end = .
                0x0801f364                        . = ALIGN (0x4)

.preinit_array  0x0801f364        0x0
                0x0801f364                        . = ALIGN (0x4)
                0x0801f364                        PROVIDE (__preinit_array_start = .)
 *(.preinit_array*)
                0x0801f364                        PROVIDE (__preinit_array_end = .)
                0x0801f364                        . = ALIGN (0x4)

.init_array     0x0801f364        0x4
                0x0801f364                        . = ALIGN (0x4)
                0x0801f364                        PROVIDE (__init_array_start = .)
 *(SORT_BY_NAME(.init_array.*))
 *(.init_array*)
 .init_array    0x0801f364        0x4 C:/ST/STM32CubeIDE_1.16.0/STM32CubeIDE/plugins/com.st.stm32cube.ide.mcu.externaltools.gnu-tools-for-stm32.12.3.rel1.win32_1.0.200.202406191623/tools/bin/../lib/gcc/arm-none-eabi/12.3.1/thumb/v7e-m+fp/hard/crtbegin.o
                0x0801f368                        PROVIDE (__init_array_end = .)
                0x0801f368                        . = ALIGN (0x4)

.fini_array     0x0801f368        0x4
                0x0801f368                        . = ALIGN (0x4)
                [!provide]                        PROVIDE (__fini_array_start = .)
 *(SORT_BY_NAME(.fini_array.*))
 *(.fini_array*)
 .fini_array    0x0801f368        0x4 C:/ST/STM32CubeIDE_1.16.0/STM32CubeIDE/plugins/com.st.stm32cube.ide.mcu.externaltools.gnu-tools-for-stm32.12.3.rel1.win32_1.0.200.202406191623/tools/bin/../lib/gcc/arm-none-eabi/12.3.1/thumb/v7e-m+fp/hard/crtbegin.o
                [!provide]                        PROVIDE (__fini_array_end = .)
                0x0801f36c                        . = ALIGN (0x4)
                0x0801f36c                        _sidata = LOADADDR (.data)

.rel.dyn        0x0801f36c        0x0
 .rel.iplt      0x0801f36c        0x0 C:/ST/STM32CubeIDE_1.16.0/STM32CubeIDE/plugins/com.st.stm32cube.ide.mcu.externaltools.gnu-tools-for-stm32.12.3.rel1.win32_1.0.200.202406191623/tools/bin/../lib/gcc/arm-none-eabi/12.3.1/thumb/v7e-m+fp/hard/crtbegin.o

.data           0x20000000       0xf4 load address 0x0801f36c
                0x20000000                        . = ALIGN (0x4)
                0x20000000                        _sdata = .
 *(.data)
 *(.data*)
 .data.coeff    0x20000000       0x80 ./Core/Src/main.o
 .data.SystemCoreClock
                0x20000080        0x4 ./Core/Src/system_stm32l4xx.o
                0x20000080                SystemCoreClock
 .data.uwTickPrio
                0x20000084        0x4 ./Drivers/STM32L4xx_HAL_Driver/Src/stm32l4xx_hal.o
                0x20000084                uwTickPrio
 .data.uwTickFreq
                0x20000088        0x1 ./Drivers/STM32L4xx_HAL_Driver/Src/stm32l4xx_hal.o
                0x20000088                uwTickFreq
 *fill*         0x20000089        0x3 
 .data.USER_Driver
                0x2000008c       0x14 ./FATFS/Target/user_diskio.o
                0x2000008c                USER_Driver
 .data.Stat     0x200000a0        0x1 ./FATFS/Target/user_diskio_spi.o
 *fill*         0x200000a1        0x3 
 .data._impure_ptr
                0x200000a4        0x4 C:/ST/STM32CubeIDE_1.16.0/STM32CubeIDE/plugins/com.st.stm32cube.ide.mcu.externaltools.gnu-tools-for-stm32.12.3.rel1.win32_1.0.200.202406191623/tools/bin/../lib/gcc/arm-none-eabi/12.3.1/../../../../arm-none-eabi/lib/thumb/v7e-m+fp/hard\libc_nano.a(libc_a-impure.o)
                0x200000a4                _impure_ptr
 .data._impure_data
                0x200000a8       0x4c C:/ST/STM32CubeIDE_1.16.0/STM32CubeIDE/plugins/com.st.stm32cube.ide.mcu.externaltools.gnu-tools-for-stm32.12.3.rel1.win32_1.0.200.202406191623/tools/bin/../lib/gcc/arm-none-eabi/12.3.1/../../../../arm-none-eabi/lib/thumb/v7e-m+fp/hard\libc_nano.a(libc_a-impure.o)
                0x200000a8                _impure_data
 *(.RamFunc)
 *(.RamFunc*)
                0x200000f4                        . = ALIGN (0x4)
                0x200000f4                        _edata = .

.igot.plt       0x200000f4        0x0 load address 0x0801f460
 .igot.plt      0x200000f4        0x0 C:/ST/STM32CubeIDE_1.16.0/STM32CubeIDE/plugins/com.st.stm32cube.ide.mcu.externaltools.gnu-tools-for-stm32.12.3.rel1.win32_1.0.200.202406191623/tools/bin/../lib/gcc/arm-none-eabi/12.3.1/thumb/v7e-m+fp/hard/crtbegin.o
                0x200000f4                        . = ALIGN (0x4)

.bss            0x200000f4    0x16ab8 load address 0x0801f460
                0x200000f4                        _sbss = .
                0x200000f4                        __bss_start__ = _sbss
 *(.bss)
 .bss           0x200000f4       0x1c C:/ST/STM32CubeIDE_1.16.0/STM32CubeIDE/plugins/com.st.stm32cube.ide.mcu.externaltools.gnu-tools-for-stm32.12.3.rel1.win32_1.0.200.202406191623/tools/bin/../lib/gcc/arm-none-eabi/12.3.1/thumb/v7e-m+fp/hard/crtbegin.o
 *(.bss*)
 .bss.__handle  0x20000110        0x4 ./Core/Src/main.o
                0x20000110                __handle
 .bss.__state   0x20000114        0x4 ./Core/Src/main.o
                0x20000114                __state
 .bss.hadc1     0x20000118       0x64 ./Core/Src/main.o
                0x20000118                hadc1
 .bss.hdma_adc1
                0x2000017c       0x48 ./Core/Src/main.o
                0x2000017c                hdma_adc1
 .bss.hdac1     0x200001c4       0x14 ./Core/Src/main.o
                0x200001c4                hdac1
 .bss.hdma_dac_ch1
                0x200001d8       0x48 ./Core/Src/main.o
                0x200001d8                hdma_dac_ch1
 .bss.hspi2     0x20000220       0x64 ./Core/Src/main.o
                0x20000220                hspi2
 .bss.htim6     0x20000284       0x4c ./Core/Src/main.o
                0x20000284                htim6
 .bss.huart2    0x200002d0       0x88 ./Core/Src/main.o
                0x200002d0                huart2
 .bss.dac_buffer
                0x20000358     0xf000 ./Core/Src/main.o
                0x20000358                dac_buffer
 .bss.adc_buffer
                0x2000f358     0x1000 ./Core/Src/main.o
                0x2000f358                adc_buffer
 .bss.input_signal
                0x20010358     0x2000 ./Core/Src/main.o
                0x20010358                input_signal
 .bss.output_fft
                0x20012358     0x2000 ./Core/Src/main.o
                0x20012358                output_fft
 .bss.output_fft_mag
                0x20014358     0x1000 ./Core/Src/main.o
                0x20014358                output_fft_mag
 .bss.output_fft_freq
                0x20015358     0x1000 ./Core/Src/main.o
                0x20015358                output_fft_freq
 .bss.state     0x20016358       0xfc ./Core/Src/main.o
                0x20016358                state
 .bss.FLAG      0x20016454        0x2 ./Core/Src/main.o
                0x20016454                FLAG
 *fill*         0x20016456        0x2 
 .bss.fft_handler
                0x20016458       0x18 ./Core/Src/main.o
                0x20016458                fft_handler
 .bss.fir_filter
                0x20016470        0xc ./Core/Src/main.o
                0x20016470                fir_filter
 .bss.audio_file
                0x2001647c      0x494 ./Core/Src/main.o
                0x2001647c                audio_file
 .bss.player_state
                0x20016910        0x1 ./Core/Src/main.o
                0x20016910                player_state
 *fill*         0x20016911        0x3 
 .bss.buffer.0  0x20016914      0x100 ./Core/Src/main.o
 .bss.__sbrk_heap_end
                0x20016a14        0x4 ./Core/Src/sysmem.o
 .bss.uwTick    0x20016a18        0x4 ./Drivers/STM32L4xx_HAL_Driver/Src/stm32l4xx_hal.o
                0x20016a18                uwTick
 .bss.retUSER   0x20016a1c        0x1 ./FATFS/App/fatfs.o
                0x20016a1c                retUSER
 *fill*         0x20016a1d        0x3 
 .bss.USERPath  0x20016a20        0x4 ./FATFS/App/fatfs.o
                0x20016a20                USERPath
 .bss.CardType  0x20016a24        0x1 ./FATFS/Target/user_diskio_spi.o
 *fill*         0x20016a25        0x3 
 .bss.spiTimerTickStart
                0x20016a28        0x4 ./FATFS/Target/user_diskio_spi.o
                0x20016a28                spiTimerTickStart
 .bss.spiTimerTickDelay
                0x20016a2c        0x4 ./FATFS/Target/user_diskio_spi.o
                0x20016a2c                spiTimerTickDelay
 .bss.FatFs     0x20016a30        0x4 ./Middlewares/Third_Party/FatFs/src/ff.o
 .bss.Fsid      0x20016a34        0x2 ./Middlewares/Third_Party/FatFs/src/ff.o
 *fill*         0x20016a36        0x2 
 .bss.Files     0x20016a38       0x20 ./Middlewares/Third_Party/FatFs/src/ff.o
 .bss.disk      0x20016a58        0xc ./Middlewares/Third_Party/FatFs/src/ff_gen_drv.o
                0x20016a58                disk
 .bss.__sf      0x20016a64      0x138 C:/ST/STM32CubeIDE_1.16.0/STM32CubeIDE/plugins/com.st.stm32cube.ide.mcu.externaltools.gnu-tools-for-stm32.12.3.rel1.win32_1.0.200.202406191623/tools/bin/../lib/gcc/arm-none-eabi/12.3.1/../../../../arm-none-eabi/lib/thumb/v7e-m+fp/hard\libc_nano.a(libc_a-findfp.o)
                0x20016a64                __sf
 .bss.errno     0x20016b9c        0x4 C:/ST/STM32CubeIDE_1.16.0/STM32CubeIDE/plugins/com.st.stm32cube.ide.mcu.externaltools.gnu-tools-for-stm32.12.3.rel1.win32_1.0.200.202406191623/tools/bin/../lib/gcc/arm-none-eabi/12.3.1/../../../../arm-none-eabi/lib/thumb/v7e-m+fp/hard\libc_nano.a(libc_a-reent.o)
                0x20016b9c                errno
 .bss.__lock___malloc_recursive_mutex
                0x20016ba0        0x1 C:/ST/STM32CubeIDE_1.16.0/STM32CubeIDE/plugins/com.st.stm32cube.ide.mcu.externaltools.gnu-tools-for-stm32.12.3.rel1.win32_1.0.200.202406191623/tools/bin/../lib/gcc/arm-none-eabi/12.3.1/../../../../arm-none-eabi/lib/thumb/v7e-m+fp/hard\libc_nano.a(libc_a-lock.o)
                0x20016ba0                __lock___malloc_recursive_mutex
 *fill*         0x20016ba1        0x3 
 .bss.__malloc_sbrk_start
                0x20016ba4        0x4 C:/ST/STM32CubeIDE_1.16.0/STM32CubeIDE/plugins/com.st.stm32cube.ide.mcu.externaltools.gnu-tools-for-stm32.12.3.rel1.win32_1.0.200.202406191623/tools/bin/../lib/gcc/arm-none-eabi/12.3.1/../../../../arm-none-eabi/lib/thumb/v7e-m+fp/hard\libc_nano.a(libc_a-mallocr.o)
                0x20016ba4                __malloc_sbrk_start
 .bss.__malloc_free_list
                0x20016ba8        0x4 C:/ST/STM32CubeIDE_1.16.0/STM32CubeIDE/plugins/com.st.stm32cube.ide.mcu.externaltools.gnu-tools-for-stm32.12.3.rel1.win32_1.0.200.202406191623/tools/bin/../lib/gcc/arm-none-eabi/12.3.1/../../../../arm-none-eabi/lib/thumb/v7e-m+fp/hard\libc_nano.a(libc_a-mallocr.o)
                0x20016ba8                __malloc_free_list
 *(COMMON)
                0x20016bac                        . = ALIGN (0x4)
                0x20016bac                        _ebss = .
                0x20016bac                        __bss_end__ = _ebss

._user_heap_stack
                0x20016bac      0x604 load address 0x0801f460
                0x20016bb0                        . = ALIGN (0x8)
 *fill*         0x20016bac        0x4 
                [!provide]                        PROVIDE (end = .)
                0x20016bb0                        PROVIDE (_end = .)
                0x20016db0                        . = (. + _Min_Heap_Size)
 *fill*         0x20016bb0      0x200 
                0x200171b0                        . = (. + _Min_Stack_Size)
 *fill*         0x20016db0      0x400 
                0x200171b0                        . = ALIGN (0x8)

/DISCARD/
 libc.a(*)
 libm.a(*)
 libgcc.a(*)

.ARM.attributes
                0x00000000       0x30
 *(.ARM.attributes)
 .ARM.attributes
                0x00000000       0x22 C:/ST/STM32CubeIDE_1.16.0/STM32CubeIDE/plugins/com.st.stm32cube.ide.mcu.externaltools.gnu-tools-for-stm32.12.3.rel1.win32_1.0.200.202406191623/tools/bin/../lib/gcc/arm-none-eabi/12.3.1/thumb/v7e-m+fp/hard/crti.o
 .ARM.attributes
                0x00000022       0x34 C:/ST/STM32CubeIDE_1.16.0/STM32CubeIDE/plugins/com.st.stm32cube.ide.mcu.externaltools.gnu-tools-for-stm32.12.3.rel1.win32_1.0.200.202406191623/tools/bin/../lib/gcc/arm-none-eabi/12.3.1/thumb/v7e-m+fp/hard/crtbegin.o
 .ARM.attributes
                0x00000056       0x34 ./Core/Src/main.o
 .ARM.attributes
                0x0000008a       0x34 ./Core/Src/stm32l4xx_hal_msp.o
 .ARM.attributes
                0x000000be       0x34 ./Core/Src/stm32l4xx_it.o
 .ARM.attributes
                0x000000f2       0x34 ./Core/Src/sysmem.o
 .ARM.attributes
                0x00000126       0x34 ./Core/Src/system_stm32l4xx.o
 .ARM.attributes
                0x0000015a       0x21 ./Core/Startup/startup_stm32l476rgtx.o
 .ARM.attributes
                0x0000017b       0x34 ./Drivers/STM32L4xx_HAL_Driver/Src/stm32l4xx_hal.o
 .ARM.attributes
                0x000001af       0x34 ./Drivers/STM32L4xx_HAL_Driver/Src/stm32l4xx_hal_adc.o
 .ARM.attributes
                0x000001e3       0x34 ./Drivers/STM32L4xx_HAL_Driver/Src/stm32l4xx_hal_adc_ex.o
 .ARM.attributes
                0x00000217       0x34 ./Drivers/STM32L4xx_HAL_Driver/Src/stm32l4xx_hal_cortex.o
 .ARM.attributes
                0x0000024b       0x34 ./Drivers/STM32L4xx_HAL_Driver/Src/stm32l4xx_hal_dac.o
 .ARM.attributes
                0x0000027f       0x34 ./Drivers/STM32L4xx_HAL_Driver/Src/stm32l4xx_hal_dac_ex.o
 .ARM.attributes
                0x000002b3       0x34 ./Drivers/STM32L4xx_HAL_Driver/Src/stm32l4xx_hal_dma.o
 .ARM.attributes
                0x000002e7       0x34 ./Drivers/STM32L4xx_HAL_Driver/Src/stm32l4xx_hal_gpio.o
 .ARM.attributes
                0x0000031b       0x34 ./Drivers/STM32L4xx_HAL_Driver/Src/stm32l4xx_hal_pwr_ex.o
 .ARM.attributes
                0x0000034f       0x34 ./Drivers/STM32L4xx_HAL_Driver/Src/stm32l4xx_hal_rcc.o
 .ARM.attributes
                0x00000383       0x34 ./Drivers/STM32L4xx_HAL_Driver/Src/stm32l4xx_hal_rcc_ex.o
 .ARM.attributes
                0x000003b7       0x34 ./Drivers/STM32L4xx_HAL_Driver/Src/stm32l4xx_hal_spi.o
 .ARM.attributes
                0x000003eb       0x34 ./Drivers/STM32L4xx_HAL_Driver/Src/stm32l4xx_hal_tim.o
 .ARM.attributes
                0x0000041f       0x34 ./Drivers/STM32L4xx_HAL_Driver/Src/stm32l4xx_hal_tim_ex.o
 .ARM.attributes
                0x00000453       0x34 ./Drivers/STM32L4xx_HAL_Driver/Src/stm32l4xx_hal_uart.o
 .ARM.attributes
                0x00000487       0x34 ./FATFS/App/fatfs.o
 .ARM.attributes
                0x000004bb       0x34 ./FATFS/Target/user_diskio.o
 .ARM.attributes
                0x000004ef       0x34 ./FATFS/Target/user_diskio_spi.o
 .ARM.attributes
                0x00000523       0x34 ./Middlewares/Third_Party/FatFs/src/diskio.o
 .ARM.attributes
                0x00000557       0x34 ./Middlewares/Third_Party/FatFs/src/ff.o
 .ARM.attributes
                0x0000058b       0x34 ./Middlewares/Third_Party/FatFs/src/ff_gen_drv.o
 .ARM.attributes
                0x000005bf       0x34 C:\Users\matth\STM32CubeIDE\test_workspace\DTM_Decoder_Project\Drivers\CMSIS\Lib\GCC\libarm_cortexM4lf_math.a(arm_rfft_fast_init_f32.o)
 .ARM.attributes
                0x000005f3       0x34 C:\Users\matth\STM32CubeIDE\test_workspace\DTM_Decoder_Project\Drivers\CMSIS\Lib\GCC\libarm_cortexM4lf_math.a(arm_rfft_fast_f32.o)
 .ARM.attributes
                0x00000627       0x34 C:\Users\matth\STM32CubeIDE\test_workspace\DTM_Decoder_Project\Drivers\CMSIS\Lib\GCC\libarm_cortexM4lf_math.a(arm_cfft_f32.o)
 .ARM.attributes
                0x0000065b       0x34 C:\Users\matth\STM32CubeIDE\test_workspace\DTM_Decoder_Project\Drivers\CMSIS\Lib\GCC\libarm_cortexM4lf_math.a(arm_bitreversal2.o)
 .ARM.attributes
                0x0000068f       0x34 C:\Users\matth\STM32CubeIDE\test_workspace\DTM_Decoder_Project\Drivers\CMSIS\Lib\GCC\libarm_cortexM4lf_math.a(arm_fir_init_f32.o)
 .ARM.attributes
                0x000006c3       0x34 C:\Users\matth\STM32CubeIDE\test_workspace\DTM_Decoder_Project\Drivers\CMSIS\Lib\GCC\libarm_cortexM4lf_math.a(arm_cmplx_mag_f32.o)
 .ARM.attributes
                0x000006f7       0x39 C:\Users\matth\STM32CubeIDE\test_workspace\DTM_Decoder_Project\Drivers\CMSIS\Lib\GCC\libarm_cortexM4lf_math.a(arm_common_tables.o)
 .ARM.attributes
                0x00000730       0x34 C:\Users\matth\STM32CubeIDE\test_workspace\DTM_Decoder_Project\Drivers\CMSIS\Lib\GCC\libarm_cortexM4lf_math.a(arm_cfft_radix8_f32.o)
 .ARM.attributes
                0x00000764       0x34 C:/ST/STM32CubeIDE_1.16.0/STM32CubeIDE/plugins/com.st.stm32cube.ide.mcu.externaltools.gnu-tools-for-stm32.12.3.rel1.win32_1.0.200.202406191623/tools/bin/../lib/gcc/arm-none-eabi/12.3.1/../../../../arm-none-eabi/lib/thumb/v7e-m+fp/hard\libc_nano.a(libc_a-findfp.o)
 .ARM.attributes
                0x00000798       0x34 C:/ST/STM32CubeIDE_1.16.0/STM32CubeIDE/plugins/com.st.stm32cube.ide.mcu.externaltools.gnu-tools-for-stm32.12.3.rel1.win32_1.0.200.202406191623/tools/bin/../lib/gcc/arm-none-eabi/12.3.1/../../../../arm-none-eabi/lib/thumb/v7e-m+fp/hard\libc_nano.a(libc_a-vsnprintf.o)
 .ARM.attributes
                0x000007cc       0x34 C:/ST/STM32CubeIDE_1.16.0/STM32CubeIDE/plugins/com.st.stm32cube.ide.mcu.externaltools.gnu-tools-for-stm32.12.3.rel1.win32_1.0.200.202406191623/tools/bin/../lib/gcc/arm-none-eabi/12.3.1/../../../../arm-none-eabi/lib/thumb/v7e-m+fp/hard\libc_nano.a(libc_a-memset.o)
 .ARM.attributes
                0x00000800       0x34 C:/ST/STM32CubeIDE_1.16.0/STM32CubeIDE/plugins/com.st.stm32cube.ide.mcu.externaltools.gnu-tools-for-stm32.12.3.rel1.win32_1.0.200.202406191623/tools/bin/../lib/gcc/arm-none-eabi/12.3.1/../../../../arm-none-eabi/lib/thumb/v7e-m+fp/hard\libc_nano.a(libc_a-reent.o)
 .ARM.attributes
                0x00000834       0x34 C:/ST/STM32CubeIDE_1.16.0/STM32CubeIDE/plugins/com.st.stm32cube.ide.mcu.externaltools.gnu-tools-for-stm32.12.3.rel1.win32_1.0.200.202406191623/tools/bin/../lib/gcc/arm-none-eabi/12.3.1/../../../../arm-none-eabi/lib/thumb/v7e-m+fp/hard\libc_nano.a(libc_a-impure.o)
 .ARM.attributes
                0x00000868       0x34 C:/ST/STM32CubeIDE_1.16.0/STM32CubeIDE/plugins/com.st.stm32cube.ide.mcu.externaltools.gnu-tools-for-stm32.12.3.rel1.win32_1.0.200.202406191623/tools/bin/../lib/gcc/arm-none-eabi/12.3.1/../../../../arm-none-eabi/lib/thumb/v7e-m+fp/hard\libc_nano.a(libc_a-errno.o)
 .ARM.attributes
                0x0000089c       0x34 C:/ST/STM32CubeIDE_1.16.0/STM32CubeIDE/plugins/com.st.stm32cube.ide.mcu.externaltools.gnu-tools-for-stm32.12.3.rel1.win32_1.0.200.202406191623/tools/bin/../lib/gcc/arm-none-eabi/12.3.1/../../../../arm-none-eabi/lib/thumb/v7e-m+fp/hard\libc_nano.a(libc_a-init.o)
 .ARM.attributes
                0x000008d0       0x34 C:/ST/STM32CubeIDE_1.16.0/STM32CubeIDE/plugins/com.st.stm32cube.ide.mcu.externaltools.gnu-tools-for-stm32.12.3.rel1.win32_1.0.200.202406191623/tools/bin/../lib/gcc/arm-none-eabi/12.3.1/../../../../arm-none-eabi/lib/thumb/v7e-m+fp/hard\libc_nano.a(libc_a-lock.o)
 .ARM.attributes
                0x00000904       0x17 C:/ST/STM32CubeIDE_1.16.0/STM32CubeIDE/plugins/com.st.stm32cube.ide.mcu.externaltools.gnu-tools-for-stm32.12.3.rel1.win32_1.0.200.202406191623/tools/bin/../lib/gcc/arm-none-eabi/12.3.1/../../../../arm-none-eabi/lib/thumb/v7e-m+fp/hard\libc_nano.a(libc_a-strlen.o)
 .ARM.attributes
                0x0000091b       0x34 C:/ST/STM32CubeIDE_1.16.0/STM32CubeIDE/plugins/com.st.stm32cube.ide.mcu.externaltools.gnu-tools-for-stm32.12.3.rel1.win32_1.0.200.202406191623/tools/bin/../lib/gcc/arm-none-eabi/12.3.1/../../../../arm-none-eabi/lib/thumb/v7e-m+fp/hard\libc_nano.a(libc_a-freer.o)
 .ARM.attributes
                0x0000094f       0x34 C:/ST/STM32CubeIDE_1.16.0/STM32CubeIDE/plugins/com.st.stm32cube.ide.mcu.externaltools.gnu-tools-for-stm32.12.3.rel1.win32_1.0.200.202406191623/tools/bin/../lib/gcc/arm-none-eabi/12.3.1/../../../../arm-none-eabi/lib/thumb/v7e-m+fp/hard\libc_nano.a(libc_a-mallocr.o)
 .ARM.attributes
                0x00000983       0x34 C:/ST/STM32CubeIDE_1.16.0/STM32CubeIDE/plugins/com.st.stm32cube.ide.mcu.externaltools.gnu-tools-for-stm32.12.3.rel1.win32_1.0.200.202406191623/tools/bin/../lib/gcc/arm-none-eabi/12.3.1/../../../../arm-none-eabi/lib/thumb/v7e-m+fp/hard\libc_nano.a(libc_a-mlock.o)
 .ARM.attributes
                0x000009b7       0x34 C:/ST/STM32CubeIDE_1.16.0/STM32CubeIDE/plugins/com.st.stm32cube.ide.mcu.externaltools.gnu-tools-for-stm32.12.3.rel1.win32_1.0.200.202406191623/tools/bin/../lib/gcc/arm-none-eabi/12.3.1/../../../../arm-none-eabi/lib/thumb/v7e-m+fp/hard\libc_nano.a(libc_a-nano-svfprintf.o)
 .ARM.attributes
                0x000009eb       0x34 C:/ST/STM32CubeIDE_1.16.0/STM32CubeIDE/plugins/com.st.stm32cube.ide.mcu.externaltools.gnu-tools-for-stm32.12.3.rel1.win32_1.0.200.202406191623/tools/bin/../lib/gcc/arm-none-eabi/12.3.1/../../../../arm-none-eabi/lib/thumb/v7e-m+fp/hard\libc_nano.a(libc_a-nano-vfprintf_i.o)
 .ARM.attributes
                0x00000a1f       0x34 C:/ST/STM32CubeIDE_1.16.0/STM32CubeIDE/plugins/com.st.stm32cube.ide.mcu.externaltools.gnu-tools-for-stm32.12.3.rel1.win32_1.0.200.202406191623/tools/bin/../lib/gcc/arm-none-eabi/12.3.1/../../../../arm-none-eabi/lib/thumb/v7e-m+fp/hard\libc_nano.a(libc_a-memmove.o)
 .ARM.attributes
                0x00000a53       0x34 C:/ST/STM32CubeIDE_1.16.0/STM32CubeIDE/plugins/com.st.stm32cube.ide.mcu.externaltools.gnu-tools-for-stm32.12.3.rel1.win32_1.0.200.202406191623/tools/bin/../lib/gcc/arm-none-eabi/12.3.1/../../../../arm-none-eabi/lib/thumb/v7e-m+fp/hard\libc_nano.a(libc_a-sbrkr.o)
 .ARM.attributes
                0x00000a87       0x1c C:/ST/STM32CubeIDE_1.16.0/STM32CubeIDE/plugins/com.st.stm32cube.ide.mcu.externaltools.gnu-tools-for-stm32.12.3.rel1.win32_1.0.200.202406191623/tools/bin/../lib/gcc/arm-none-eabi/12.3.1/../../../../arm-none-eabi/lib/thumb/v7e-m+fp/hard\libc_nano.a(libc_a-memchr.o)
 .ARM.attributes
                0x00000aa3       0x34 C:/ST/STM32CubeIDE_1.16.0/STM32CubeIDE/plugins/com.st.stm32cube.ide.mcu.externaltools.gnu-tools-for-stm32.12.3.rel1.win32_1.0.200.202406191623/tools/bin/../lib/gcc/arm-none-eabi/12.3.1/../../../../arm-none-eabi/lib/thumb/v7e-m+fp/hard\libc_nano.a(libc_a-memcpy-stub.o)
 .ARM.attributes
                0x00000ad7       0x34 C:/ST/STM32CubeIDE_1.16.0/STM32CubeIDE/plugins/com.st.stm32cube.ide.mcu.externaltools.gnu-tools-for-stm32.12.3.rel1.win32_1.0.200.202406191623/tools/bin/../lib/gcc/arm-none-eabi/12.3.1/../../../../arm-none-eabi/lib/thumb/v7e-m+fp/hard\libc_nano.a(libc_a-reallocr.o)
 .ARM.attributes
                0x00000b0b       0x34 C:/ST/STM32CubeIDE_1.16.0/STM32CubeIDE/plugins/com.st.stm32cube.ide.mcu.externaltools.gnu-tools-for-stm32.12.3.rel1.win32_1.0.200.202406191623/tools/bin/../lib/gcc/arm-none-eabi/12.3.1/../../../../arm-none-eabi/lib/thumb/v7e-m+fp/hard\libc_nano.a(libc_a-msizer.o)
 .ARM.attributes
                0x00000b3f       0x34 C:/ST/STM32CubeIDE_1.16.0/STM32CubeIDE/plugins/com.st.stm32cube.ide.mcu.externaltools.gnu-tools-for-stm32.12.3.rel1.win32_1.0.200.202406191623/tools/bin/../lib/gcc/arm-none-eabi/12.3.1/../../../../arm-none-eabi/lib/thumb/v7e-m+fp/hard\libm.a(libm_a-wf_sqrt.o)
 .ARM.attributes
                0x00000b73       0x34 C:/ST/STM32CubeIDE_1.16.0/STM32CubeIDE/plugins/com.st.stm32cube.ide.mcu.externaltools.gnu-tools-for-stm32.12.3.rel1.win32_1.0.200.202406191623/tools/bin/../lib/gcc/arm-none-eabi/12.3.1/../../../../arm-none-eabi/lib/thumb/v7e-m+fp/hard\libm.a(libm_a-ef_sqrt.o)
 .ARM.attributes
                0x00000ba7       0x22 C:/ST/STM32CubeIDE_1.16.0/STM32CubeIDE/plugins/com.st.stm32cube.ide.mcu.externaltools.gnu-tools-for-stm32.12.3.rel1.win32_1.0.200.202406191623/tools/bin/../lib/gcc/arm-none-eabi/12.3.1/thumb/v7e-m+fp/hard\libgcc.a(_arm_addsubdf3.o)
 .ARM.attributes
                0x00000bc9       0x22 C:/ST/STM32CubeIDE_1.16.0/STM32CubeIDE/plugins/com.st.stm32cube.ide.mcu.externaltools.gnu-tools-for-stm32.12.3.rel1.win32_1.0.200.202406191623/tools/bin/../lib/gcc/arm-none-eabi/12.3.1/thumb/v7e-m+fp/hard\libgcc.a(_arm_fixdfsi.o)
 .ARM.attributes