../Core/Inc/wav_player.h:56:6:init_player	32	static
../Core/Inc/wav_player.h:97:6:__play_output_stream_t16	40	static
../Core/Inc/wav_player.h:125:6:start_player_t16	24	static
../Core/Inc/wav_player.h:155:6:player_error_handler	16	static
../Core/Src/main.c:177:13:myprintf	16	static
../Core/Src/main.c:189:6:Process_Signal	16	static
../Core/Src/main.c:214:6:Get_DTMF_Code	184	static
../Core/Src/main.c:309:6:Evaluate_Code_Sequence	24	static
../Core/Src/main.c:331:6:Led_Audio_Control	32	static
../Core/Src/main.c:355:5:main	32	static
../Core/Src/main.c:438:6:SystemClock_Config	96	static
../Core/Src/main.c:488:13:MX_ADC1_Init	48	static
../Core/Src/main.c:555:13:MX_DAC1_Init	48	static
../Core/Src/main.c:598:13:MX_SPI2_Init	8	static
../Core/Src/main.c:638:13:MX_TIM6_Init	24	static
../Core/Src/main.c:676:13:MX_USART2_UART_Init	8	static
../Core/Src/main.c:709:13:MX_DMA_Init	16	static
../Core/Src/main.c:730:13:MX_GPIO_Init	48	static
../Core/Src/main.c:777:6:HAL_GPIO_EXTI_Callback	16	static
../Core/Src/main.c:781:6:HAL_ADC_ConvHalfCpltCallback	24	static
../Core/Src/main.c:787:6:HAL_ADC_ConvCpltCallback	24	static
../Core/Src/main.c:796:6:HAL_DAC_ConvHalfCpltCallbackCh1	16	static
../Core/Src/main.c:800:6:HAL_DAC_ConvCpltCallbackCh1	24	static
../Core/Src/main.c:814:6:Error_Handler	4	static,ignoring_inline_asm
